             VMA              LMA     Size Align Out     In      Symbol
               0                0        0     1 CAP_ALIGN = 0x20
               0                0 80000000     1 . = 0x80000000
        80000000         80000000    11000 65536 .text
        80000000         80000000       6e     2         entry.o:(.text)
        80000000         80000000        0     1                 
        80000000         80000000        0     1                 
        80000000         80000000        0     1                 _entry
        80000036         80000036        0     1                 next
        80000036         80000036        0     1                 
        80000036         80000036        0     1                 
        80000062         80000062        0     1                 
        8000006c         8000006c        0     1                 spin
        8000006c         8000006c        0     1                 
        8000006c         8000006c        0     1                 
        8000006e         8000006e        0     1                 
        8000006e         8000006e       28     2         userentry.o:(.text)
        8000006e         8000006e        0     1                 
        8000006e         8000006e        0     1                 
        8000006e         8000006e       28     1                 _user_entry
        80000094         80000094        0     1                 spin
        80000094         80000094        0     1                 
        80000094         80000094        0     1                 
        80000096         80000096        0     1                 
        80000098         80000098      772     4         start.o:(.text)
        80000098         80000098        0     1                 
        80000098         80000098        0     1                 
        80000098         80000098        0     1                 
        80000098         80000098        0     1                 
        80000098         80000098      196     1                 start
        8000009c         8000009c        0     1                 
        8000009c         8000009c        0     1                 
        8000009c         8000009c        0     1                 
        800000a6         800000a6        0     1                 
        800000b0         800000b0        0     1                 
        800000b0         800000b0        0     1                 
        800000b2         800000b2        0     1                 
        800000b2         800000b2        0     1                 
        800000b6         800000b6        0     1                 
        800000b6         800000b6        0     1                 
        800000ba         800000ba        0     1                 
        800000be         800000be        0     1                 
        800000c2         800000c2        0     1                 
        800000c6         800000c6        0     1                 
        800000ca         800000ca        0     1                 
        800000ce         800000ce        0     1                 
        800000d6         800000d6        0     1                 
        800000de         800000de        0     1                 
        800000e0         800000e0        0     1                 
        800000e4         800000e4        0     1                 
        800000ea         800000ea        0     1                 
        800000ea         800000ea        0     1                 
        800000ee         800000ee        0     1                 
        800000ee         800000ee        0     1                 
        800000f0         800000f0        0     1                 
        800000f0         800000f0        0     1                 
        800000f4         800000f4        0     1                 
        800000f4         800000f4        0     1                 
        800000f6         800000f6        0     1                 
        800000f8         800000f8        0     1                 
        800000f8         800000f8        0     1                 
        800000fe         800000fe        0     1                 
        8000010e         8000010e        0     1                 
        80000112         80000112        0     1                 
        80000112         80000112        0     1                 
        80000116         80000116        0     1                 
        80000116         80000116        0     1                 
        8000011a         8000011a        0     1                 
        8000011c         8000011c        0     1                 
        8000011e         8000011e        0     1                 
        80000122         80000122        0     1                 
        80000124         80000124        0     1                 
        8000012a         8000012a        0     1                 
        8000012c         8000012c        0     1                 
        80000130         80000130        0     1                 
        80000130         80000130        0     1                 
        80000134         80000134        0     1                 
        80000136         80000136        0     1                 
        80000136         80000136        0     1                 
        8000013a         8000013a        0     1                 
        8000013a         8000013a        0     1                 
        80000140         80000140        0     1                 
        80000140         80000140        0     1                 
        80000142         80000142        0     1                 
        80000142         80000142        0     1                 
        80000146         80000146        0     1                 
        80000146         80000146        0     1                 
        8000014a         8000014a        0     1                 
        8000014a         8000014a        0     1                 
        8000014e         8000014e        0     1                 
        8000014e         8000014e        0     1                 
        80000152         80000152        0     1                 
        80000152         80000152        0     1                 .LBB0_14
        80000152         80000152        0     1                 
        8000015a         8000015a        0     1                 
        8000015a         8000015a        0     1                 
        8000015e         8000015e        0     1                 
        8000015e         8000015e        0     1                 
        80000162         80000162        0     1                 
        80000162         80000162        0     1                 
        80000166         80000166        0     1                 
        80000166         80000166        0     1                 
        8000016a         8000016a        0     1                 
        8000016a         8000016a        0     1                 
        8000016e         8000016e        0     1                 
        8000016e         8000016e        0     1                 .LBB0_15
        8000016e         8000016e        0     1                 
        8000017a         8000017a        0     1                 
        80000182         80000182        0     1                 
        80000186         80000186        0     1                 
        8000018a         8000018a        0     1                 
        8000018c         8000018c        0     1                 
        80000190         80000190        0     1                 
        80000190         80000190        0     1                 
        80000198         80000198        0     1                 
        80000198         80000198        0     1                 
        8000019e         8000019e        0     1                 
        8000019e         8000019e        0     1                 
        800001a6         800001a6        0     1                 
        800001a6         800001a6        0     1                 .LBB0_16
        800001a6         800001a6        0     1                 
        800001ae         800001ae        0     1                 
        800001ba         800001ba        0     1                 
        800001c0         800001c0        0     1                 
        800001c0         800001c0        0     1                 
        800001ca         800001ca        0     1                 
        800001ca         800001ca        0     1                 
        800001ce         800001ce        0     1                 
        800001d2         800001d2        0     1                 
        800001d2         800001d2        0     1                 
        800001d4         800001d4        0     1                 
        800001d6         800001d6        0     1                 
        800001d6         800001d6        0     1                 
        800001da         800001da        0     1                 
        800001da         800001da        0     1                 
        800001e2         800001e2        0     1                 
        800001e4         800001e4        0     1                 
        800001ea         800001ea        0     1                 
        800001ea         800001ea        0     1                 
        800001ee         800001ee        0     1                 
        800001f2         800001f2        0     1                 
        800001fa         800001fa        0     1                 
        80000200         80000200        0     1                 
        80000204         80000204        0     1                 
        80000208         80000208        0     1                 
        80000208         80000208        0     1                 
        8000020c         8000020c        0     1                 
        8000020c         8000020c        0     1                 
        8000020e         8000020e        0     1                 
        8000020e         8000020e        0     1                 .LBB0_17
        8000020e         8000020e        0     1                 
        8000021a         8000021a        0     1                 
        8000021a         8000021a        0     1                 
        8000021c         8000021c        0     1                 
        8000021c         8000021c        0     1                 
        80000220         80000220        0     1                 
        80000220         80000220        0     1                 
        80000224         80000224        0     1                 
        80000224         80000224        0     1                 
        80000228         80000228        0     1                 
        80000228         80000228        0     1                 
        8000022c         8000022c        0     1                 
        8000022e         8000022e        0     1                 
        8000022e         8000022e        0     1                 
        8000022e         8000022e        0     1                 
        8000022e         8000022e        0     1                 
        8000022e         8000022e        0     1                 .LBB1_1
        8000022e         8000022e        0     1                 
        8000022e         8000022e        0     1                 
        8000022e         8000022e       24     1                 init_uart0
        8000023a         8000023a        0     1                 
        80000242         80000242        0     1                 
        80000246         80000246        0     1                 
        8000024a         8000024a        0     1                 
        8000024c         8000024c        0     1                 
        80000250         80000250        0     1                 
        80000252         80000252        0     1                 
        80000252         80000252        0     1                 
        80000252         80000252        0     1                 
        80000252         80000252        0     1                 
        80000252         80000252        0     1                 
        80000252         80000252       1c     1                 plic_cap_init
        80000256         80000256        0     1                 .LBB2_1
        80000256         80000256        0     1                 
        8000025e         8000025e        0     1                 
        8000026a         8000026a        0     1                 
        8000026c         8000026c        0     1                 
        8000026e         8000026e        0     1                 
        8000026e         8000026e        0     1                 
        8000026e         8000026e        0     1                 
        8000026e         8000026e        0     1                 
        8000026e         8000026e        0     1                 
        8000026e         8000026e        0     1                 
        8000026e         8000026e       30     1                 timerinit
        80000280         80000280        0     1                 
        80000280         80000280        0     1                 
        80000284         80000284        0     1                 
        80000288         80000288        0     1                 
        80000288         80000288        0     1                 
        8000028a         8000028a        0     1                 
        8000028c         8000028c        0     1                 
        8000028c         8000028c        0     1                 
        80000290         80000290        0     1                 
        80000290         80000290        0     1                 
        80000298         80000298        0     1                 
        8000029a         8000029a        0     1                 
        8000029c         8000029c        0     1                 
        8000029e         8000029e        0     1                 
        8000029e         8000029e        0     1                 
        8000029e         8000029e        0     1                 
        8000029e         8000029e        0     1                 
        8000029e         8000029e        0     1                 
        8000029e         8000029e       46     1                 interruptinit
        800002a2         800002a2        0     1                 
        800002b8         800002b8        0     1                 
        800002bc         800002bc        0     1                 
        800002c4         800002c4        0     1                 
        800002ca         800002ca        0     1                 
        800002ce         800002ce        0     1                 
        800002d2         800002d2        0     1                 
        800002d2         800002d2        0     1                 
        800002d6         800002d6        0     1                 
        800002d6         800002d6        0     1                 
        800002dc         800002dc        0     1                 
        800002dc         800002dc        0     1                 
        800002de         800002de        0     1                 
        800002de         800002de        0     1                 
        800002e2         800002e2        0     1                 
        800002e2         800002e2        0     1                 
        800002e4         800002e4        0     1                 
        800002e4         800002e4        0     1                 
        800002e4         800002e4        0     1                 
        800002e4         800002e4        0     1                 
        800002e4         800002e4        0     1                 
        800002e4         800002e4        0     1                 
        800002e4         800002e4       4c     1                 handle_timer_interrupt
        800002e8         800002e8        0     1                 
        800002e8         800002e8        0     1                 
        800002fa         800002fa        0     1                 
        800002fa         800002fa        0     1                 
        800002fe         800002fe        0     1                 
        80000302         80000302        0     1                 
        80000302         80000302        0     1                 
        80000306         80000306        0     1                 
        80000306         80000306        0     1                 
        80000308         80000308        0     1                 
        8000030e         8000030e        0     1                 
        8000030e         8000030e        0     1                 
        80000310         80000310        0     1                 
        80000310         80000310        0     1                 
        80000314         80000314        0     1                 
        80000314         80000314        0     1                 .LBB5_1
        80000314         80000314        0     1                 
        80000320         80000320        0     1                 
        80000322         80000322        0     1                 
        80000324         80000324        0     1                 
        8000032a         8000032a        0     1                 
        8000032e         8000032e        0     1                 
        80000330         80000330        0     1                 
        80000330         80000330        0     1                 
        80000330         80000330        0     1                 
        80000330         80000330        0     1                 
        80000330         80000330        0     1                 
        80000330         80000330       dc     1                 init_pagetable
        80000332         80000332        0     1                 
        80000332         80000332        0     1                 .LBB6_7
        80000344         80000344        0     1                 
        80000344         80000344        0     1                 
        8000034e         8000034e        0     1                 
        80000350         80000350        0     1                 
        80000354         80000354        0     1                 
        80000358         80000358        0     1                 
        80000358         80000358        0     1                 .LBB6_8
        80000358         80000358        0     1                 
        80000360         80000360        0     1                 .LBB6_9
        80000372         80000372        0     1                 
        80000372         80000372        0     1                 
        8000037c         8000037c        0     1                 
        80000380         80000380        0     1                 
        80000384         80000384        0     1                 
        80000386         80000386        0     1                 
        8000038a         8000038a        0     1                 
        8000038e         8000038e        0     1                 
        8000038e         8000038e        0     1                 
        80000390         80000390        0     1                 
        80000394         80000394        0     1                 
        80000394         80000394        0     1                 
        8000039a         8000039a        0     1                 
        800003a0         800003a0        0     1                 
        800003a8         800003a8        0     1                 
        800003b2         800003b2        0     1                 
        800003b4         800003b4        0     1                 
        800003b8         800003b8        0     1                 
        800003b8         800003b8        0     1                 
        800003ba         800003ba        0     1                 
        800003bc         800003bc        0     1                 
        800003c0         800003c0        0     1                 
        800003c4         800003c4        0     1                 
        800003c6         800003c6        0     1                 
        800003c8         800003c8        0     1                 
        800003c8         800003c8        0     1                 
        800003ce         800003ce        0     1                 
        800003d2         800003d2        0     1                 
        800003d6         800003d6        0     1                 
        800003e8         800003e8        0     1                 
        800003e8         800003e8        0     1                 
        800003f2         800003f2        0     1                 
        800003f4         800003f4        0     1                 
        800003f6         800003f6        0     1                 
        800003f8         800003f8        0     1                 
        800003fc         800003fc        0     1                 
        800003fc         800003fc        0     1                 
        8000040a         8000040a        0     1                 
        8000040c         8000040c        0     1                 
        8000040c         8000040c        0     1                 
        8000040c         8000040c        0     1                 
        8000040c         8000040c        0     1                 
        8000040c         8000040c        0     1                 
        8000040c         8000040c      1c2     1                 enable_paging
        8000040e         8000040e        0     1                 
        8000040e         8000040e        0     1                 
        8000040e         8000040e        0     1                 
        80000428         80000428        0     1                 
        80000428         80000428        0     1                 
        80000430         80000430        0     1                 
        80000454         80000454        0     1                 
        80000454         80000454        0     1                 .LBB7_9
        80000460         80000460        0     1                 .LBB7_10
        80000468         80000468        0     1                 .LBB7_11
        8000048c         8000048c        0     1                 .LBB7_12
        8000049e         8000049e        0     1                 
        8000049e         8000049e        0     1                 
        800004ac         800004ac        0     1                 
        800004ae         800004ae        0     1                 
        800004b2         800004b2        0     1                 
        800004b6         800004b6        0     1                 
        800004b6         800004b6        0     1                 
        800004b8         800004b8        0     1                 
        800004b8         800004b8        0     1                 
        800004c6         800004c6        0     1                 
        800004ca         800004ca        0     1                 
        800004ce         800004ce        0     1                 
        800004d0         800004d0        0     1                 
        800004d4         800004d4        0     1                 
        800004d8         800004d8        0     1                 
        800004d8         800004d8        0     1                 
        800004da         800004da        0     1                 
        800004de         800004de        0     1                 
        800004de         800004de        0     1                 
        800004e6         800004e6        0     1                 
        800004ea         800004ea        0     1                 
        800004ee         800004ee        0     1                 
        800004f2         800004f2        0     1                 
        800004f6         800004f6        0     1                 
        800004f6         800004f6        0     1                 
        800004f8         800004f8        0     1                 
        800004fc         800004fc        0     1                 
        80000500         80000500        0     1                 
        80000508         80000508        0     1                 
        8000050a         8000050a        0     1                 
        80000516         80000516        0     1                 
        8000051a         8000051a        0     1                 
        80000520         80000520        0     1                 
        80000520         80000520        0     1                 
        8000052a         8000052a        0     1                 
        8000052c         8000052c        0     1                 
        8000052e         8000052e        0     1                 
        80000530         80000530        0     1                 
        80000534         80000534        0     1                 
        80000534         80000534        0     1                 
        8000053c         8000053c        0     1                 
        8000053c         8000053c        0     1                 
        80000544         80000544        0     1                 
        8000054c         8000054c        0     1                 
        8000054e         8000054e        0     1                 
        80000556         80000556        0     1                 
        8000055e         8000055e        0     1                 
        80000560         80000560        0     1                 
        80000564         80000564        0     1                 
        8000056c         8000056c        0     1                 
        80000570         80000570        0     1                 
        80000578         80000578        0     1                 
        8000057a         8000057a        0     1                 
        8000057e         8000057e        0     1                 
        80000582         80000582        0     1                 
        80000582         80000582        0     1                 .LBB7_13
        80000582         80000582        0     1                 
        80000590         80000590        0     1                 
        80000594         80000594        0     1                 
        8000059e         8000059e        0     1                 
        800005a8         800005a8        0     1                 
        800005a8         800005a8        0     1                 
        800005ac         800005ac        0     1                 
        800005ac         800005ac        0     1                 
        800005b0         800005b0        0     1                 
        800005b0         800005b0        0     1                 
        800005ce         800005ce        0     1                 
        800005ce         800005ce        0     1                 
        800005ce         800005ce        0     1                 
        800005ce         800005ce        0     1                 
        800005ce         800005ce        0     1                 
        800005ce         800005ce      23c     1                 debug_pagetable
        800005d0         800005d0        0     1                 
        800005e0         800005e0        0     1                 
        800005e2         800005e2        0     1                 
        800005e2         800005e2        0     1                 .LBB8_1
        800005e2         800005e2        0     1                 
        800005f2         800005f2        0     1                 
        800005fc         800005fc        0     1                 .LBB8_2
        800005fc         800005fc        0     1                 
        8000060c         8000060c        0     1                 .LBB8_3
        8000060c         8000060c        0     1                 
        8000061c         8000061c        0     1                 .LBB8_4
        8000061c         8000061c        0     1                 
        80000630         80000630        0     1                 
        80000638         80000638        0     1                 .LBB8_5
        80000638         80000638        0     1                 
        80000648         80000648        0     1                 .LBB8_6
        80000648         80000648        0     1                 
        80000658         80000658        0     1                 
        8000065a         8000065a        0     1                 
        80000664         80000664        0     1                 .LBB8_7
        80000664         80000664        0     1                 
        80000678         80000678        0     1                 .LBB8_8
        80000678         80000678        0     1                 
        8000068e         8000068e        0     1                 
        80000696         80000696        0     1                 
        8000069e         8000069e        0     1                 .LBB8_9
        8000069e         8000069e        0     1                 
        800006ae         800006ae        0     1                 .LBB8_10
        800006ae         800006ae        0     1                 
        800006ba         800006ba        0     1                 
        800006bc         800006bc        0     1                 
        800006c6         800006c6        0     1                 
        800006d2         800006d2        0     1                 .LBB8_11
        800006d2         800006d2        0     1                 
        800006e2         800006e2        0     1                 
        800006e6         800006e6        0     1                 
        800006ee         800006ee        0     1                 .LBB8_12
        800006ee         800006ee        0     1                 
        80000702         80000702        0     1                 
        8000070c         8000070c        0     1                 
        8000070e         8000070e        0     1                 
        80000716         80000716        0     1                 
        80000722         80000722        0     1                 .LBB8_13
        80000722         80000722        0     1                 
        80000732         80000732        0     1                 
        80000734         80000734        0     1                 
        8000073c         8000073c        0     1                 
        8000074c         8000074c        0     1                 
        80000754         80000754        0     1                 
        80000760         80000760        0     1                 .LBB8_14
        80000760         80000760        0     1                 
        80000770         80000770        0     1                 .LBB8_15
        80000770         80000770        0     1                 
        80000780         80000780        0     1                 
        8000078a         8000078a        0     1                 .LBB8_16
        8000078a         8000078a        0     1                 
        8000079e         8000079e        0     1                 
        800007a4         800007a4        0     1                 
        800007ac         800007ac        0     1                 
        800007b8         800007b8        0     1                 .LBB8_17
        800007b8         800007b8        0     1                 
        800007c8         800007c8        0     1                 
        800007d2         800007d2        0     1                 
        800007de         800007de        0     1                 
        800007e4         800007e4        0     1                 
        800007ec         800007ec        0     1                 
        8000080a         8000080a        0     1                 
        8000080a         8000080a        0     1                 
        8000080c         8000080c      184     4         kprintf.o:(.text)
        8000080c         8000080c        0     1                 
        8000080c         8000080c        0     1                 
        8000080c         8000080c        0     1                 .LBB0_3
        8000080c         8000080c        0     1                 
        8000080c         8000080c       1a     1                 putachar
        80000816         80000816        0     1                 
        8000081a         8000081a        0     1                 
        8000081e         8000081e        0     1                 
        80000820         80000820        0     1                 
        80000824         80000824        0     1                 
        80000826         80000826        0     1                 
        80000826         80000826        0     1                 
        80000826         80000826        0     1                 
        80000826         80000826        0     1                 
        80000826         80000826        0     1                 
        80000826         80000826        0     1                 
        80000826         80000826       2a     1                 printstring
        8000082a         8000082a        0     1                 
        8000082c         8000082c        0     1                 
        8000082c         8000082c        0     1                 .LBB1_6
        8000082c         8000082c        0     1                 
        80000834         80000834        0     1                 
        80000836         80000836        0     1                 
        80000836         80000836        0     1                 
        8000083a         8000083a        0     1                 
        8000083e         8000083e        0     1                 
        80000840         80000840        0     1                 
        80000844         80000844        0     1                 
        80000844         80000844        0     1                 
        80000848         80000848        0     1                 
        8000084c         8000084c        0     1                 
        8000084c         8000084c        0     1                 
        8000084e         8000084e        0     1                 
        80000850         80000850        0     1                 
        80000850         80000850        0     1                 
        80000850         80000850        0     1                 
        80000850         80000850        0     1                 
        80000850         80000850        0     1                 .LBB2_3
        80000850         80000850        0     1                 
        80000850         80000850       18     1                 getachar
        8000085a         8000085a        0     1                 
        8000085e         8000085e        0     1                 
        80000860         80000860        0     1                 
        80000862         80000862        0     1                 
        80000866         80000866        0     1                 
        80000868         80000868        0     1                 
        80000868         80000868        0     1                 
        80000868         80000868        0     1                 
        80000868         80000868        0     1                 
        80000868         80000868        0     1                 .LBB3_7
        80000868         80000868        0     1                 
        80000868         80000868       40     1                 printhex
        80000874         80000874        0     1                 
        80000878         80000878        0     1                 
        80000878         80000878        0     1                 
        8000087c         8000087c        0     1                 
        8000087c         8000087c        0     1                 
        80000880         80000880        0     1                 
        80000880         80000880        0     1                 
        80000882         80000882        0     1                 
        80000882         80000882        0     1                 
        80000884         80000884        0     1                 
        80000888         80000888        0     1                 
        80000888         80000888        0     1                 
        8000088c         8000088c        0     1                 
        8000088e         8000088e        0     1                 
        8000088e         8000088e        0     1                 
        80000892         80000892        0     1                 
        80000892         80000892        0     1                 
        80000896         80000896        0     1                 
        8000089a         8000089a        0     1                 
        8000089c         8000089c        0     1                 
        8000089c         8000089c        0     1                 
        800008a0         800008a0        0     1                 
        800008a0         800008a0        0     1                 
        800008a6         800008a6        0     1                 
        800008a6         800008a6        0     1                 
        800008a8         800008a8        0     1                 
        800008a8         800008a8        0     1                 
        800008a8         800008a8        0     1                 
        800008a8         800008a8        0     1                 
        800008a8         800008a8        0     1                 .LBB4_20
        800008a8         800008a8        0     1                 
        800008a8         800008a8       c2     1                 panic
        800008b2         800008b2        0     1                 
        800008b2         800008b2        0     1                 
        800008b6         800008b6        0     1                 
        800008ba         800008ba        0     1                 
        800008bc         800008bc        0     1                 
        800008c0         800008c0        0     1                 
        800008c4         800008c4        0     1                 
        800008c4         800008c4        0     1                 
        800008c6         800008c6        0     1                 
        800008ca         800008ca        0     1                 
        800008ce         800008ce        0     1                 
        800008d0         800008d0        0     1                 
        800008d4         800008d4        0     1                 
        800008d8         800008d8        0     1                 
        800008d8         800008d8        0     1                 
        800008da         800008da        0     1                 
        800008de         800008de        0     1                 
        800008e2         800008e2        0     1                 
        800008e4         800008e4        0     1                 
        800008e8         800008e8        0     1                 
        800008ec         800008ec        0     1                 
        800008ec         800008ec        0     1                 
        800008ee         800008ee        0     1                 
        800008f2         800008f2        0     1                 
        800008f6         800008f6        0     1                 
        800008f8         800008f8        0     1                 
        800008fc         800008fc        0     1                 
        80000900         80000900        0     1                 
        80000900         80000900        0     1                 
        80000902         80000902        0     1                 
        80000906         80000906        0     1                 
        8000090a         8000090a        0     1                 
        8000090c         8000090c        0     1                 
        80000910         80000910        0     1                 
        80000914         80000914        0     1                 
        80000914         80000914        0     1                 
        80000916         80000916        0     1                 
        8000091a         8000091a        0     1                 
        8000091e         8000091e        0     1                 
        80000920         80000920        0     1                 
        80000924         80000924        0     1                 
        80000928         80000928        0     1                 
        80000928         80000928        0     1                 
        8000092a         8000092a        0     1                 
        8000092e         8000092e        0     1                 
        80000932         80000932        0     1                 
        80000934         80000934        0     1                 
        80000938         80000938        0     1                 
        8000093c         8000093c        0     1                 
        8000093c         8000093c        0     1                 
        80000940         80000940        0     1                 
        80000942         80000942        0     1                 
        80000942         80000942        0     1                 
        80000944         80000944        0     1                 
        80000944         80000944        0     1                 
        80000948         80000948        0     1                 
        8000094c         8000094c        0     1                 
        8000094e         8000094e        0     1                 
        80000952         80000952        0     1                 
        80000952         80000952        0     1                 
        80000956         80000956        0     1                 
        8000095a         8000095a        0     1                 
        8000095c         8000095c        0     1                 
        8000095c         8000095c        0     1                 .LBB4_21
        8000095c         8000095c        0     1                 
        80000968         80000968        0     1                 
        8000096a         8000096a        0     1                 
        8000096a         8000096a        0     1                 
        8000096a         8000096a        0     1                 
        8000096a         8000096a        0     1                 
        8000096a         8000096a        0     1                 .LBB5_6
        8000096a         8000096a        0     1                 
        8000096a         8000096a       26     1                 uartintr
        80000974         80000974        0     1                 
        80000974         80000974        0     1                 
        80000978         80000978        0     1                 
        8000097a         8000097a        0     1                 
        8000097c         8000097c        0     1                 
        80000980         80000980        0     1                 
        80000980         80000980        0     1                 
        80000984         80000984        0     1                 
        80000988         80000988        0     1                 
        8000098a         8000098a        0     1                 
        80000990         80000990        0     1                 
        80000990         80000990        0     1                 
        80000990         80000990        0     1                 
        80010000         80010000       8e 65536         kernelvec.o:(.text)
        80010000         80010000        0     1                 
        80010000         80010000        0     1                 
        80010000         80010000       8e     1                 kernelvec
        80010040         80010040        0     1                 
        8001008e         8001008e        0     1                 
        80010090         80010090       74     4         plic.o:(.text)
        80010090         80010090        0     1                 
        80010090         80010090        0     1                 
        80010090         80010090        0     1                 
        80010090         80010090       38     1                 plic_init
        80010094         80010094        0     1                 
        800100aa         800100aa        0     1                 
        800100b2         800100b2        0     1                 
        800100ba         800100ba        0     1                 
        800100c0         800100c0        0     1                 
        800100c4         800100c4        0     1                 
        800100c6         800100c6        0     1                 
        800100c8         800100c8        0     1                 
        800100c8         800100c8        0     1                 
        800100c8         800100c8        0     1                 
        800100c8         800100c8        0     1                 
        800100c8         800100c8        0     1                 
        800100c8         800100c8       1e     1                 plic_claim
        800100cc         800100cc        0     1                 
        800100e2         800100e2        0     1                 
        800100e4         800100e4        0     1                 
        800100e6         800100e6        0     1                 
        800100e6         800100e6        0     1                 
        800100e6         800100e6        0     1                 
        800100e6         800100e6        0     1                 
        800100e6         800100e6        0     1                 
        800100e6         800100e6       1e     1                 plic_complete
        800100ea         800100ea        0     1                 
        80010100         80010100        0     1                 
        80010102         80010102        0     1                 
        80010104         80010104        0     1                 
        80010104         80010104        0     1                 
        80010104         80010104       c2     4         trap.o:(.text)
        80010104         80010104        0     1                 
        80010104         80010104        0     1                 
        80010104         80010104        0     1                 
        80010104         80010104       64     1                 trap_handler
        80010106         80010106        0     1                 
        80010106         80010106        0     1                 
        80010108         80010108        0     1                 
        80010108         80010108        0     1                 
        80010108         80010108        0     1                 
        8001010c         8001010c        0     1                 
        8001010c         8001010c        0     1                 
        8001010e         8001010e        0     1                 
        80010112         80010112        0     1                 
        80010112         80010112        0     1                 
        80010116         80010116        0     1                 
        80010118         80010118        0     1                 
        8001011c         8001011c        0     1                 
        8001011e         8001011e        0     1                 
        80010122         80010122        0     1                 
        80010122         80010122        0     1                 .LBB0_9
        80010122         80010122        0     1                 
        8001012a         8001012a        0     1                 
        8001012a         8001012a        0     1                 
        80010132         80010132        0     1                 
        80010134         80010134        0     1                 
        80010134         80010134        0     1                 
        8001013c         8001013c        0     1                 
        8001013c         8001013c        0     1                 
        80010140         80010140        0     1                 
        80010140         80010140        0     1                 
        80010142         80010142        0     1                 
        80010142         80010142        0     1                 
        80010146         80010146        0     1                 
        8001014e         8001014e        0     1                 
        8001014e         8001014e        0     1                 
        80010152         80010152        0     1                 
        80010152         80010152        0     1                 
        80010156         80010156        0     1                 
        80010156         80010156        0     1                 
        8001015a         8001015a        0     1                 
        8001015a         8001015a        0     1                 
        8001015e         8001015e        0     1                 
        8001015e         8001015e        0     1                 
        80010162         80010162        0     1                 
        80010168         80010168        0     1                 
        80010168         80010168        0     1                 
        80010168         80010168        0     1                 
        80010168         80010168        0     1                 
        80010168         80010168        0     1                 
        80010168         80010168       5e     1                 devintr
        8001016a         8001016a        0     1                 
        8001016a         8001016a        0     1                 
        8001016a         8001016a        0     1                 
        80010170         80010170        0     1                 
        80010174         80010174        0     1                 
        80010174         80010174        0     1                 
        8001017a         8001017a        0     1                 
        8001017a         8001017a        0     1                 
        8001017e         8001017e        0     1                 
        8001017e         8001017e        0     1                 
        80010186         80010186        0     1                 
        80010186         80010186        0     1                 
        80010188         80010188        0     1                 
        8001018a         8001018a        0     1                 
        8001018e         8001018e        0     1                 
        80010192         80010192        0     1                 
        8001019c         8001019c        0     1                 
        8001019c         8001019c        0     1                 
        800101a0         800101a0        0     1                 
        800101a0         800101a0        0     1                 .LBB1_8
        800101a0         800101a0        0     1                 
        800101b0         800101b0        0     1                 
        800101ba         800101ba        0     1                 
        800101ba         800101ba        0     1                 
        800101c6         800101c6        0     1                 
        800101c6         800101c6        0     1                 
        800101c8         800101c8       ba     4         main.o:(.text)
        800101c8         800101c8        0     1                 
        800101c8         800101c8        0     1                 
        800101c8         800101c8        0     1                 
        800101c8         800101c8        0     1                 
        800101c8         800101c8       12     1                 syscall
        800101cc         800101cc        0     1                 
        800101d0         800101d0        0     1                 
        800101d4         800101d4        0     1                 
        800101d8         800101d8        0     1                 
        800101d8         800101d8        0     1                 
        800101da         800101da        0     1                 
        800101da         800101da        0     1                 
        800101da         800101da        0     1                 
        800101da         800101da        0     1                 
        800101da         800101da        0     1                 
        800101da         800101da        0     1                 
        800101da         800101da       16     1                 user_printstring
        800101de         800101de        0     1                 
        800101e2         800101e2        0     1                 
        800101e6         800101e6        0     1                 
        800101ea         800101ea        0     1                 
        800101ee         800101ee        0     1                 
        800101ee         800101ee        0     1                 
        800101f0         800101f0        0     1                 
        800101f0         800101f0        0     1                 
        800101f0         800101f0        0     1                 
        800101f0         800101f0        0     1                 
        800101f0         800101f0        0     1                 
        800101f0         800101f0        0     1                 
        800101f0         800101f0       1a     1                 user_putachar
        800101f4         800101f4        0     1                 
        800101f4         800101f4        0     1                 
        800101f8         800101f8        0     1                 
        800101fc         800101fc        0     1                 
        80010200         80010200        0     1                 
        80010204         80010204        0     1                 
        80010208         80010208        0     1                 
        80010208         80010208        0     1                 
        8001020a         8001020a        0     1                 
        8001020a         8001020a        0     1                 
        8001020a         8001020a        0     1                 
        8001020a         8001020a        0     1                 
        8001020a         8001020a        0     1                 
        8001020a         8001020a        0     1                 
        8001020a         8001020a       1a     1                 user_getachar
        8001020e         8001020e        0     1                 
        80010212         80010212        0     1                 
        80010216         80010216        0     1                 
        8001021a         8001021a        0     1                 
        8001021e         8001021e        0     1                 
        8001021e         8001021e        0     1                 
        80010222         80010222        0     1                 
        80010224         80010224        0     1                 
        80010224         80010224        0     1                 
        80010224         80010224        0     1                 
        80010224         80010224        0     1                 
        80010224         80010224        0     1                 
        80010224         80010224       5e     1                 main
        80010226         80010226        0     1                 
        8001022a         8001022a        0     1                 .LBB4_3
        8001022a         8001022a        0     1                 
        8001022a         8001022a        0     1                 
        80010232         80010232        0     1                 
        80010232         80010232        0     1                 
        80010236         80010236        0     1                 
        80010236         80010236        0     1                 
        8001023a         8001023a        0     1                 
        8001023e         8001023e        0     1                 
        80010242         80010242        0     1                 
        80010246         80010246        0     1                 
        8001024a         8001024a        0     1                 
        8001024a         8001024a        0     1                 
        8001024e         8001024e        0     1                 
        80010252         80010252        0     1                 
        80010252         80010252        0     1                 
        80010256         80010256        0     1                 
        80010256         80010256        0     1                 
        8001025a         8001025a        0     1                 
        8001025a         8001025a        0     1                 
        8001025e         8001025e        0     1                 
        80010262         80010262        0     1                 
        80010266         80010266        0     1                 
        8001026a         8001026a        0     1                 
        8001026a         8001026a        0     1                 
        8001026e         8001026e        0     1                 
        80010274         80010274        0     1                 
        80010278         80010278        0     1                 
        8001027c         8001027c        0     1                 
        80010282         80010282        0     1                 
        80010282         80010282        0     1                 
        80010282         80010282      d7e     1         . = ALIGN ( 0x1000 )
        80011000         80011000       d4     4 .eh_frame_hdr
        80011000         80011000       d4     4         <internal>:(.eh_frame_hdr)
        800110d8         800110d8      2a4     8 .eh_frame
        800110d8         800110d8       14     1         start.o:(.eh_frame+0x0)
        800110f0         800110f0       14     1         start.o:(.eh_frame+0x14)
        80011108         80011108       14     1         start.o:(.eh_frame+0x28)
        80011120         80011120       14     1         start.o:(.eh_frame+0x3c)
        80011138         80011138       14     1         start.o:(.eh_frame+0x50)
        80011150         80011150       14     1         start.o:(.eh_frame+0x64)
        80011168         80011168       14     1         start.o:(.eh_frame+0x78)
        80011180         80011180       14     1         start.o:(.eh_frame+0x8c)
        80011198         80011198       58     1         start.o:(.eh_frame+0xa0)
        800111f0         800111f0       14     1         kprintf.o:(.eh_frame+0x14)
        80011208         80011208       14     1         kprintf.o:(.eh_frame+0x28)
        80011220         80011220       14     1         kprintf.o:(.eh_frame+0x3c)
        80011238         80011238       14     1         kprintf.o:(.eh_frame+0x50)
        80011250         80011250       14     1         kprintf.o:(.eh_frame+0x64)
        80011268         80011268       18     1         kprintf.o:(.eh_frame+0x78)
        80011280         80011280       14     1         plic.o:(.eh_frame+0x14)
        80011298         80011298       14     1         plic.o:(.eh_frame+0x28)
        800112b0         800112b0       14     1         plic.o:(.eh_frame+0x3c)
        800112c8         800112c8       34     1         trap.o:(.eh_frame+0x14)
        80011300         80011300       14     1         main.o:(.eh_frame+0x14)
        80011318         80011318       14     1         main.o:(.eh_frame+0x28)
        80011330         80011330       14     1         main.o:(.eh_frame+0x3c)
        80011348         80011348       14     1         main.o:(.eh_frame+0x50)
        80011360         80011360       14     1         main.o:(.eh_frame+0x64)
        8001137c         8001137c      145     1 .rodata
        8001137c         8001137c        4     1         . = ALIGN ( CAP_ALIGN )
        80011380         80011380      141     1         <internal>:(.rodata)
        800114c1         800114c1       1f     1 . = ALIGN ( CAP_ALIGN )
        800114e0         800114e0      438     8 __cap_relocs
        800114e0         800114e0      438     8         <internal>:(__cap_relocs)
        80011920         80011920      1b0    16 .captable
        80011920         80011920        0     1         . = ALIGN ( CAP_ALIGN )
        80011920         80011920      1b0    16         <internal>:(.captable)
        80011ad0         80011ad0       10     1 .data
        80011ad0         80011ad0       10     1         . = ALIGN ( CAP_ALIGN )
        80012000         80012000    24010  4096 .bss
        80012000         80012000        0     1         __bss = .
        80012000         80012000    23000  4096         start.o:(.bss)
        80012000         80012000       10     1                 uart0
        80012010         80012010       10     1                 plic
        80013000         80013000    18000     1                 page_table
        8002b000         8002b000     4000     1                 user_l1_tables
        8002f000         8002f000     4000     1                 kernel_l1_tables
        80033000         80033000      280     1                 pcb
        80034000         80034000     1000     1                 kernel_page_table
        80035000         80035000        8     8         start.o:(.sbss)
        80035000         80035000        8     1                 current_pid
        80035008         80035008        4     4         kprintf.o:(.sbss)
        80035008         80035008        4     1                 panicked
        80035010         80035010     1000    16         main.o:(.bss)
        80035010         80035010     1000     1                 userstack
        80036010         80036010        0     1         __bss_end = .
        80036010         80036010    20010     1 .stack
        80036010         80036010       10     1         . = ALIGN ( CAP_ALIGN )
        80036020         80036020        0     1         stack0 = .
        80036020         80036020    20000     1         . += 128 * 1024
               0                0     1a39     1 .debug_info
               0                0       f8     1         entry.o:(.debug_info)
               0                0        0     1                 
              f8               f8       eb     1         userentry.o:(.debug_info)
              f8               f8        0     1                 
             1e3              1e3      eb2     1         start.o:(.debug_info)
            1095             1095      2e6     1         kprintf.o:(.debug_info)
            137b             137b       d4     1         kernelvec.o:(.debug_info)
            137b             137b        0     1                 
            144f             144f       c8     1         plic.o:(.debug_info)
            1517             1517      20b     1         trap.o:(.debug_info)
            1722             1722      317     1         main.o:(.debug_info)
               0                0      7bc     1 .debug_abbrev
               0                0       21     1         entry.o:(.debug_abbrev)
               0                0        0     1                 
              21               21       21     1         userentry.o:(.debug_abbrev)
              21               21        0     1                 
              42               42      2dc     1         start.o:(.debug_abbrev)
             31e              31e      161     1         kprintf.o:(.debug_abbrev)
             47f              47f       21     1         kernelvec.o:(.debug_abbrev)
             47f              47f        0     1                 
             4a0              4a0       92     1         plic.o:(.debug_abbrev)
             532              532      130     1         trap.o:(.debug_abbrev)
             662              662      15a     1         main.o:(.debug_abbrev)
               0                0       90     1 .debug_aranges
               0                0       30     1         entry.o:(.debug_aranges)
              30               30       30     1         userentry.o:(.debug_aranges)
              60               60       30     1         kernelvec.o:(.debug_aranges)
               0                0     149d     1 .debug_line
               0                0       53     1         entry.o:(.debug_line)
               0                0        0     1                 .Lline_table_start0
              53               53       49     1         userentry.o:(.debug_line)
              53               53        0     1                 .Lline_table_start0
              9c               9c      a08     1         start.o:(.debug_line)
              9c               9c        0     1                 .Lline_table_start0
             aa4              aa4      40f     1         kprintf.o:(.debug_line)
             aa4              aa4        0     1                 .Lline_table_start0
             eb3              eb3       7e     1         kernelvec.o:(.debug_line)
             eb3              eb3        0     1                 .Lline_table_start0
             f31              f31      15d     1         plic.o:(.debug_line)
             f31              f31        0     1                 .Lline_table_start0
            108e             108e      1fd     1         trap.o:(.debug_line)
            108e             108e        0     1                 .Lline_table_start0
            128b             128b      212     1         main.o:(.debug_line)
            128b             128b        0     1                 .Lline_table_start0
               0                0      bfe     1 .debug_loc
               0                0      5c5     1         start.o:(.debug_loc)
               0                0        0     1                 
              23               23        0     1                 
              46               46        0     1                 
              69               69        0     1                 
              8c               8c        0     1                 
              af               af        0     1                 
              d2               d2        0     1                 
              f5               f5        0     1                 
             118              118        0     1                 
             13b              13b        0     1                 
             15e              15e        0     1                 
             181              181        0     1                 
             1a4              1a4        0     1                 
             1c7              1c7        0     1                 
             1ea              1ea        0     1                 
             20d              20d        0     1                 
             230              230        0     1                 
             253              253        0     1                 
             276              276        0     1                 
             2ac              2ac        0     1                 
             2cf              2cf        0     1                 
             2f2              2f2        0     1                 
             315              315        0     1                 
             338              338        0     1                 
             35b              35b        0     1                 
             37e              37e        0     1                 
             3a1              3a1        0     1                 
             3c4              3c4        0     1                 
             3e7              3e7        0     1                 
             40a              40a        0     1                 
             42d              42d        0     1                 
             450              450        0     1                 
             473              473        0     1                 
             496              496        0     1                 
             4df              4df        0     1                 
             502              502        0     1                 
             525              525        0     1                 
             55c              55c        0     1                 
             57f              57f        0     1                 
             5a2              5a2        0     1                 
             5c5              5c5      22a     1         kprintf.o:(.debug_loc)
             5c5              5c5        0     1                 
             60e              60e        0     1                 
             67e              67e        0     1                 
             6b4              6b4        0     1                 
             6d7              6d7        0     1                 
             70d              70d        0     1                 
             730              730        0     1                 
             7cc              7cc        0     1                 
             7ef              7ef      190     1         trap.o:(.debug_loc)
             7ef              7ef        0     1                 
             85e              85e        0     1                 
             8ba              8ba        0     1                 
             903              903        0     1                 
             926              926        0     1                 
             95c              95c        0     1                 
             97f              97f      27f     1         main.o:(.debug_loc)
             97f              97f        0     1                 
             9a2              9a2        0     1                 
             9d8              9d8        0     1                 
             9fb              9fb        0     1                 
             a31              a31        0     1                 
             a54              a54        0     1                 
             a77              a77        0     1                 
             aad              aad        0     1                 
             ad0              ad0        0     1                 
             b06              b06        0     1                 
             b29              b29        0     1                 
             b4c              b4c        0     1                 
             b6f              b6f        0     1                 
             ba5              ba5        0     1                 
             bc8              bc8        0     1                 
               0                0      190     1 .debug_ranges
               0                0       d0     1         start.o:(.debug_ranges)
               0                0        0     1                 
              30               30        0     1                 
              70               70        0     1                 
              a0               a0        0     1                 
              d0               d0       60     1         kprintf.o:(.debug_ranges)
              d0               d0        0     1                 
             100              100        0     1                 
             130              130       60     1         main.o:(.debug_ranges)
             130              130        0     1                 
             160              160        0     1                 
               0                0      674     1 .debug_str
               0                0      674     1         <internal>:(.debug_str)
               0                0       84     1 .comment
               0                0       84     1         <internal>:(.comment)
               0                0       3f     1 .riscv.attributes
               0                0       3f     1         start.o:(.riscv.attributes)
               0                0     66d8     8 .symtab
               0                0     66d8     8         <internal>:(.symtab)
               0                0       de     1 .shstrtab
               0                0       de     1         <internal>:(.shstrtab)
               0                0      22c     1 .strtab
               0                0      22c     1         <internal>:(.strtab)
