             VMA              LMA     Size Align Out     In      Symbol
               0                0        0     1 CAP_ALIGN = 0x20
               0                0 80000000     1 . = 0x80000000
        80000000         80000000     1000     4 .text
        80000000         80000000       6e     2         entry.o:(.text)
        80000000         80000000        0     1                 
        80000000         80000000        0     1                 
        80000000         80000000        0     1                 _entry
        80000036         80000036        0     1                 next
        80000036         80000036        0     1                 
        80000062         80000062        0     1                 .Ltmp1
        8000006c         8000006c        0     1                 spin
        8000006c         8000006c        0     1                 
        8000006c         8000006c        0     1                 
        8000006e         8000006e        0     1                 
        80000070         80000070      286     4         kernel.o:(.text)
        80000070         80000070        0     1                 
        80000070         80000070        0     1                 
        80000070         80000070        0     1                 .LBB0_1
        80000070         80000070        0     1                 
        80000070         80000070        0     1                 
        80000070         80000070       10     1                 foo
        80000080         80000080        0     1                 
        80000080         80000080        0     1                 
        80000080         80000080        0     1                 
        80000080         80000080        0     1                 
        80000080         80000080        0     1                 
        80000080         80000080        0     1                 
        80000080         80000080      1b4     1                 start
        80000084         80000084        0     1                 
        80000084         80000084        0     1                 
        80000084         80000084        0     1                 
        8000008e         8000008e        0     1                 
        80000098         80000098        0     1                 
        80000098         80000098        0     1                 
        8000009a         8000009a        0     1                 
        8000009a         8000009a        0     1                 
        8000009e         8000009e        0     1                 
        8000009e         8000009e        0     1                 
        800000a2         800000a2        0     1                 
        800000a6         800000a6        0     1                 
        800000aa         800000aa        0     1                 
        800000ae         800000ae        0     1                 
        800000b2         800000b2        0     1                 
        800000b6         800000b6        0     1                 
        800000be         800000be        0     1                 
        800000c6         800000c6        0     1                 
        800000c8         800000c8        0     1                 
        800000cc         800000cc        0     1                 
        800000d2         800000d2        0     1                 
        800000d2         800000d2        0     1                 
        800000d6         800000d6        0     1                 
        800000d6         800000d6        0     1                 
        800000d8         800000d8        0     1                 
        800000d8         800000d8        0     1                 
        800000dc         800000dc        0     1                 
        800000dc         800000dc        0     1                 
        800000de         800000de        0     1                 
        800000e0         800000e0        0     1                 
        800000e0         800000e0        0     1                 
        800000e6         800000e6        0     1                 
        800000f6         800000f6        0     1                 
        800000fa         800000fa        0     1                 
        800000fa         800000fa        0     1                 
        800000fe         800000fe        0     1                 
        800000fe         800000fe        0     1                 
        80000102         80000102        0     1                 
        80000104         80000104        0     1                 
        80000106         80000106        0     1                 
        8000010a         8000010a        0     1                 
        8000010c         8000010c        0     1                 
        80000112         80000112        0     1                 
        80000114         80000114        0     1                 
        80000118         80000118        0     1                 
        80000118         80000118        0     1                 
        8000011c         8000011c        0     1                 
        8000011e         8000011e        0     1                 
        8000011e         8000011e        0     1                 
        80000122         80000122        0     1                 
        80000122         80000122        0     1                 
        80000128         80000128        0     1                 
        80000128         80000128        0     1                 
        8000012a         8000012a        0     1                 
        8000012a         8000012a        0     1                 
        80000130         80000130        0     1                 
        80000130         80000130        0     1                 .LBB1_14
        80000130         80000130        0     1                 
        80000138         80000138        0     1                 
        8000013a         8000013a        0     1                 .LBB1_15
        8000013a         8000013a        0     1                 
        80000142         80000142        0     1                 
        80000142         80000142        0     1                 
        80000146         80000146        0     1                 
        80000146         80000146        0     1                 
        8000014a         8000014a        0     1                 
        8000014a         8000014a        0     1                 
        8000014e         8000014e        0     1                 
        8000014e         8000014e        0     1                 
        80000152         80000152        0     1                 
        80000152         80000152        0     1                 
        80000156         80000156        0     1                 
        80000156         80000156        0     1                 
        8000015c         8000015c        0     1                 
        80000160         80000160        0     1                 
        80000160         80000160        0     1                 
        80000164         80000164        0     1                 
        80000164         80000164        0     1                 
        80000168         80000168        0     1                 
        80000168         80000168        0     1                 
        8000016c         8000016c        0     1                 
        8000016c         8000016c        0     1                 
        80000170         80000170        0     1                 
        80000170         80000170        0     1                 
        80000176         80000176        0     1                 
        80000176         80000176        0     1                 
        80000178         80000178        0     1                 
        80000178         80000178        0     1                 
        8000017e         8000017e        0     1                 
        8000017e         8000017e        0     1                 
        80000182         80000182        0     1                 
        80000182         80000182        0     1                 .LBB1_16
        80000182         80000182        0     1                 
        8000018e         8000018e        0     1                 
        80000196         80000196        0     1                 
        8000019c         8000019c        0     1                 
        8000019c         8000019c        0     1                 .LBB1_17
        8000019c         8000019c        0     1                 
        800001a4         800001a4        0     1                 
        800001b0         800001b0        0     1                 
        800001b6         800001b6        0     1                 
        800001b6         800001b6        0     1                 
        800001be         800001be        0     1                 
        800001be         800001be        0     1                 
        800001c2         800001c2        0     1                 
        800001c6         800001c6        0     1                 
        800001c6         800001c6        0     1                 
        800001c8         800001c8        0     1                 
        800001ca         800001ca        0     1                 
        800001ca         800001ca        0     1                 
        800001ce         800001ce        0     1                 
        800001ce         800001ce        0     1                 
        800001d6         800001d6        0     1                 
        800001d8         800001d8        0     1                 
        800001da         800001da        0     1                 
        800001da         800001da        0     1                 
        800001de         800001de        0     1                 
        800001de         800001de        0     1                 
        800001e2         800001e2        0     1                 
        800001e2         800001e2        0     1                 
        800001e6         800001e6        0     1                 
        800001e6         800001e6        0     1                 
        800001ea         800001ea        0     1                 
        800001ea         800001ea        0     1                 
        800001ee         800001ee        0     1                 
        800001ee         800001ee        0     1                 
        800001f6         800001f6        0     1                 
        800001f6         800001f6        0     1                 
        800001fc         800001fc        0     1                 
        80000200         80000200        0     1                 
        80000208         80000208        0     1                 
        8000020e         8000020e        0     1                 
        80000212         80000212        0     1                 
        80000216         80000216        0     1                 
        80000216         80000216        0     1                 
        8000021a         8000021a        0     1                 
        8000021a         8000021a        0     1                 
        8000021c         8000021c        0     1                 
        8000021c         8000021c        0     1                 
        80000220         80000220        0     1                 
        80000220         80000220        0     1                 
        80000222         80000222        0     1                 
        80000226         80000226        0     1                 
        80000226         80000226        0     1                 
        8000022a         8000022a        0     1                 
        8000022a         8000022a        0     1                 
        8000022c         8000022c        0     1                 
        8000022c         8000022c        0     1                 
        8000022e         8000022e        0     1                 
        8000022e         8000022e        0     1                 
        80000232         80000232        0     1                 
        80000234         80000234        0     1                 
        80000234         80000234        0     1                 
        80000234         80000234        0     1                 
        80000234         80000234        0     1                 
        80000234         80000234        0     1                 .LBB2_1
        80000234         80000234        0     1                 
        80000234         80000234        0     1                 
        80000234         80000234       18     1                 init_uart0
        80000240         80000240        0     1                 
        80000248         80000248        0     1                 
        8000024a         8000024a        0     1                 
        8000024c         8000024c        0     1                 
        8000024c         8000024c        0     1                 
        8000024c         8000024c        0     1                 
        8000024c         8000024c        0     1                 
        8000024c         8000024c        0     1                 
        8000024c         8000024c       1c     1                 plic_cap_init
        80000250         80000250        0     1                 .LBB3_1
        80000250         80000250        0     1                 
        80000258         80000258        0     1                 
        80000264         80000264        0     1                 
        80000266         80000266        0     1                 
        80000268         80000268        0     1                 
        80000268         80000268        0     1                 
        80000268         80000268        0     1                 
        80000268         80000268        0     1                 
        80000268         80000268        0     1                 
        80000268         80000268        0     1                 
        80000268         80000268       48     1                 timerinit
        8000027a         8000027a        0     1                 
        8000027a         8000027a        0     1                 
        8000027e         8000027e        0     1                 
        80000282         80000282        0     1                 
        80000282         80000282        0     1                 
        80000284         80000284        0     1                 
        80000286         80000286        0     1                 
        80000286         80000286        0     1                 
        8000028a         8000028a        0     1                 
        8000028a         8000028a        0     1                 
        80000292         80000292        0     1                 
        80000294         80000294        0     1                 
        80000296         80000296        0     1                 
        80000296         80000296        0     1                 
        8000029a         8000029a        0     1                 
        8000029a         8000029a        0     1                 
        8000029e         8000029e        0     1                 
        8000029e         8000029e        0     1                 
        800002a2         800002a2        0     1                 
        800002a2         800002a2        0     1                 
        800002a6         800002a6        0     1                 
        800002a6         800002a6        0     1                 
        800002aa         800002aa        0     1                 
        800002aa         800002aa        0     1                 
        800002ae         800002ae        0     1                 
        800002ae         800002ae        0     1                 
        800002b0         800002b0        0     1                 
        800002b0         800002b0        0     1                 
        800002b0         800002b0        0     1                 
        800002b0         800002b0        0     1                 
        800002b0         800002b0        0     1                 
        800002b0         800002b0       46     1                 interruptinit
        800002b4         800002b4        0     1                 
        800002ca         800002ca        0     1                 
        800002ce         800002ce        0     1                 
        800002d6         800002d6        0     1                 
        800002dc         800002dc        0     1                 
        800002e0         800002e0        0     1                 
        800002e4         800002e4        0     1                 
        800002e4         800002e4        0     1                 
        800002e8         800002e8        0     1                 
        800002e8         800002e8        0     1                 
        800002ee         800002ee        0     1                 
        800002ee         800002ee        0     1                 
        800002f0         800002f0        0     1                 
        800002f0         800002f0        0     1                 
        800002f4         800002f4        0     1                 
        800002f4         800002f4        0     1                 
        800002f6         800002f6        0     1                 
        800002f6         800002f6        0     1                 
        800002f8         800002f8      11e     4         kprintf.o:(.text)
        800002f8         800002f8        0     1                 
        800002f8         800002f8        0     1                 
        800002f8         800002f8        0     1                 .LBB0_3
        800002f8         800002f8        0     1                 
        800002f8         800002f8       1a     1                 putachar
        80000302         80000302        0     1                 
        80000306         80000306        0     1                 
        8000030a         8000030a        0     1                 
        8000030c         8000030c        0     1                 
        80000310         80000310        0     1                 
        80000312         80000312        0     1                 
        80000312         80000312        0     1                 
        80000312         80000312        0     1                 
        80000312         80000312        0     1                 
        80000312         80000312        0     1                 
        80000312         80000312        0     1                 
        80000312         80000312       2a     1                 printstring
        80000316         80000316        0     1                 
        80000318         80000318        0     1                 
        80000318         80000318        0     1                 .LBB1_6
        80000318         80000318        0     1                 
        80000320         80000320        0     1                 
        80000322         80000322        0     1                 
        80000322         80000322        0     1                 
        80000326         80000326        0     1                 
        8000032a         8000032a        0     1                 
        8000032c         8000032c        0     1                 
        80000330         80000330        0     1                 
        80000330         80000330        0     1                 
        80000334         80000334        0     1                 
        80000338         80000338        0     1                 
        80000338         80000338        0     1                 
        8000033a         8000033a        0     1                 
        8000033c         8000033c        0     1                 
        8000033c         8000033c        0     1                 
        8000033c         8000033c        0     1                 
        8000033c         8000033c        0     1                 
        8000033c         8000033c        0     1                 .LBB2_3
        8000033c         8000033c        0     1                 
        8000033c         8000033c       18     1                 getachar
        80000346         80000346        0     1                 
        8000034a         8000034a        0     1                 
        8000034c         8000034c        0     1                 
        8000034e         8000034e        0     1                 
        80000352         80000352        0     1                 
        80000354         80000354        0     1                 
        80000354         80000354        0     1                 
        80000354         80000354        0     1                 
        80000354         80000354        0     1                 
        80000354         80000354        0     1                 .LBB3_20
        80000354         80000354        0     1                 
        80000354         80000354       c2     1                 panic
        8000035e         8000035e        0     1                 
        8000035e         8000035e        0     1                 
        80000362         80000362        0     1                 
        80000366         80000366        0     1                 
        80000368         80000368        0     1                 
        8000036c         8000036c        0     1                 
        80000370         80000370        0     1                 
        80000370         80000370        0     1                 
        80000372         80000372        0     1                 
        80000376         80000376        0     1                 
        8000037a         8000037a        0     1                 
        8000037c         8000037c        0     1                 
        80000380         80000380        0     1                 
        80000384         80000384        0     1                 
        80000384         80000384        0     1                 
        80000386         80000386        0     1                 
        8000038a         8000038a        0     1                 
        8000038e         8000038e        0     1                 
        80000390         80000390        0     1                 
        80000394         80000394        0     1                 
        80000398         80000398        0     1                 
        80000398         80000398        0     1                 
        8000039a         8000039a        0     1                 
        8000039e         8000039e        0     1                 
        800003a2         800003a2        0     1                 
        800003a4         800003a4        0     1                 
        800003a8         800003a8        0     1                 
        800003ac         800003ac        0     1                 
        800003ac         800003ac        0     1                 
        800003ae         800003ae        0     1                 
        800003b2         800003b2        0     1                 
        800003b6         800003b6        0     1                 
        800003b8         800003b8        0     1                 
        800003bc         800003bc        0     1                 
        800003c0         800003c0        0     1                 
        800003c0         800003c0        0     1                 
        800003c2         800003c2        0     1                 
        800003c6         800003c6        0     1                 
        800003ca         800003ca        0     1                 
        800003cc         800003cc        0     1                 
        800003d0         800003d0        0     1                 
        800003d4         800003d4        0     1                 
        800003d4         800003d4        0     1                 
        800003d6         800003d6        0     1                 
        800003da         800003da        0     1                 
        800003de         800003de        0     1                 
        800003e0         800003e0        0     1                 
        800003e4         800003e4        0     1                 
        800003e8         800003e8        0     1                 
        800003e8         800003e8        0     1                 
        800003ec         800003ec        0     1                 
        800003ee         800003ee        0     1                 
        800003ee         800003ee        0     1                 
        800003f0         800003f0        0     1                 
        800003f0         800003f0        0     1                 
        800003f4         800003f4        0     1                 
        800003f8         800003f8        0     1                 
        800003fa         800003fa        0     1                 
        800003fe         800003fe        0     1                 
        800003fe         800003fe        0     1                 
        80000402         80000402        0     1                 
        80000406         80000406        0     1                 
        80000408         80000408        0     1                 
        80000408         80000408        0     1                 .LBB3_21
        80000408         80000408        0     1                 
        80000414         80000414        0     1                 
        80000416         80000416        0     1                 
        80000416         80000416        0     1                 
        80000418         80000418       1c     4         main.o:(.text)
        80000418         80000418        0     1                 
        80000418         80000418        0     1                 
        80000418         80000418        0     1                 
        80000418         80000418       1c     1                 main
        8000041a         8000041a        0     1                 
        8000041a         8000041a        0     1                 
        8000041c         8000041c        0     1                 
        8000041c         8000041c        0     1                 .LBB0_1
        8000042c         8000042c        0     1                 
        80000434         80000434        0     1                 
        80000434         80000434        0     1                 
        80000434         80000434      bcc     1         . = ALIGN ( 0x1000 )
        80001000         80001000       64     4 .eh_frame_hdr
        80001000         80001000       64     4         <internal>:(.eh_frame_hdr)
        80001068         80001068      12c     8 .eh_frame
        80001068         80001068       14     1         kernel.o:(.eh_frame+0x0)
        80001080         80001080       14     1         kernel.o:(.eh_frame+0x14)
        80001098         80001098       14     1         kernel.o:(.eh_frame+0x28)
        800010b0         800010b0       14     1         kernel.o:(.eh_frame+0x3c)
        800010c8         800010c8       14     1         kernel.o:(.eh_frame+0x50)
        800010e0         800010e0       14     1         kernel.o:(.eh_frame+0x64)
        800010f8         800010f8       18     1         kernel.o:(.eh_frame+0x78)
        80001110         80001110       14     1         kprintf.o:(.eh_frame+0x14)
        80001128         80001128       14     1         kprintf.o:(.eh_frame+0x28)
        80001140         80001140       14     1         kprintf.o:(.eh_frame+0x3c)
        80001158         80001158       18     1         kprintf.o:(.eh_frame+0x50)
        80001170         80001170       1c     1         main.o:(.eh_frame+0x14)
        80001194         80001194       30     1 .rodata
        80001194         80001194        c     1         . = ALIGN ( CAP_ALIGN )
        800011a0         800011a0       24     1         <internal>:(.rodata)
        800011c4         800011c4       1c     1 . = ALIGN ( CAP_ALIGN )
        800011e0         800011e0      118     8 __cap_relocs
        800011e0         800011e0      118     8         <internal>:(__cap_relocs)
        80001300         80001300       70    16 .captable
        80001300         80001300        0     1         . = ALIGN ( CAP_ALIGN )
        80001300         80001300       70    16         <internal>:(.captable)
        80001370         80001370       10     1 .data
        80001370         80001370       10     1         . = ALIGN ( CAP_ALIGN )
        80001380         80001380       24    16 .bss
        80001380         80001380        0     1         __bss = .
        80001380         80001380       20    16         kernel.o:(.bss)
        80001380         80001380       10     1                 uart0
        80001390         80001390       10     1                 plic
        800013a0         800013a0        4     4         kprintf.o:(.sbss)
        800013a0         800013a0        4     1                 panicked
        800013a4         800013a4        0     1         __bss_end = .
        800013a4         800013a4    2001c     1 .stack
        800013a4         800013a4       1c     1         . = ALIGN ( CAP_ALIGN )
        800013c0         800013c0        0     1         stack0 = .
        800013c0         800013c0    20000     1         . += 128 * 1024
               0                0      eab     1 .debug_info
               0                0       f1     1         entry.o:(.debug_info)
               0                0        0     1                 
              f1               f1      b58     1         kernel.o:(.debug_info)
             c49              c49      1e2     1         kprintf.o:(.debug_info)
             e2b              e2b       80     1         main.o:(.debug_info)
               0                0      3d5     1 .debug_abbrev
               0                0       21     1         entry.o:(.debug_abbrev)
               0                0        0     1                 
              21               21      253     1         kernel.o:(.debug_abbrev)
             274              274      103     1         kprintf.o:(.debug_abbrev)
             377              377       5e     1         main.o:(.debug_abbrev)
               0                0       30     1 .debug_aranges
               0                0       30     1         entry.o:(.debug_aranges)
               0                0      8f8     1 .debug_line
               0                0       56     1         entry.o:(.debug_line)
               0                0        0     1                 .Lline_table_start0
              56               56      5aa     1         kernel.o:(.debug_line)
              56               56        0     1                 .Lline_table_start0
             600              600      2b0     1         kprintf.o:(.debug_line)
             600              600        0     1                 .Lline_table_start0
             8b0              8b0       48     1         main.o:(.debug_line)
             8b0              8b0        0     1                 .Lline_table_start0
               0                0      535     1 .debug_loc
               0                0      40a     1         kernel.o:(.debug_loc)
               0                0        0     1                 
              23               23        0     1                 
              46               46        0     1                 
              69               69        0     1                 
              8c               8c        0     1                 
              af               af        0     1                 
              d2               d2        0     1                 
              f5               f5        0     1                 
             118              118        0     1                 
             13b              13b        0     1                 
             15e              15e        0     1                 
             181              181        0     1                 
             1a4              1a4        0     1                 
             1c7              1c7        0     1                 
             1ea              1ea        0     1                 
             20d              20d        0     1                 
             230              230        0     1                 
             253              253        0     1                 
             276              276        0     1                 
             2ac              2ac        0     1                 
             2cf              2cf        0     1                 
             2f2              2f2        0     1                 
             315              315        0     1                 
             338              338        0     1                 
             35b              35b        0     1                 
             37e              37e        0     1                 
             3a1              3a1        0     1                 
             3c4              3c4        0     1                 
             3e7              3e7        0     1                 
             40a              40a      12b     1         kprintf.o:(.debug_loc)
             40a              40a        0     1                 
             453              453        0     1                 
             476              476        0     1                 
             512              512        0     1                 
               0                0       70     1 .debug_ranges
               0                0       70     1         kernel.o:(.debug_ranges)
               0                0        0     1                 
              30               30        0     1                 
               0                0      48c     1 .debug_str
               0                0      48c     1         <internal>:(.debug_str)
               0                0       84     1 .comment
               0                0       84     1         <internal>:(.comment)
               0                0       3f     1 .riscv.attributes
               0                0       3f     1         kernel.o:(.riscv.attributes)
               0                0     3228     8 .symtab
               0                0     3228     8         <internal>:(.symtab)
               0                0       de     1 .shstrtab
               0                0       de     1         <internal>:(.shstrtab)
               0                0       ee     1 .strtab
               0                0       ee     1         <internal>:(.strtab)
