             VMA              LMA     Size Align Out     In      Symbol
               0                0        0     1 CAP_ALIGN = 0x20
               0                0 80000000     1 . = 0x80000000
        80000000         80000000    11000 65536 .text
        80000000         80000000       6e     2         entry.o:(.text)
        80000000         80000000        0     1                 
        80000000         80000000        0     1                 
        80000000         80000000        0     1                 _entry
        80000036         80000036        0     1                 next
        80000036         80000036        0     1                 
        80000036         80000036        0     1                 
        80000062         80000062        0     1                 
        8000006c         8000006c        0     1                 spin
        8000006c         8000006c        0     1                 
        8000006c         8000006c        0     1                 
        8000006e         8000006e        0     1                 
        8000006e         8000006e       28     2         userentry.o:(.text)
        8000006e         8000006e        0     1                 
        8000006e         8000006e        0     1                 
        8000006e         8000006e       28     1                 _user_entry
        80000094         80000094        0     1                 spin
        80000094         80000094        0     1                 
        80000094         80000094        0     1                 
        80000096         80000096        0     1                 
        80000098         80000098      75c     4         start.o:(.text)
        80000098         80000098        0     1                 
        80000098         80000098        0     1                 
        80000098         80000098        0     1                 
        80000098         80000098      1c6     1                 start
        8000009a         8000009a        0     1                 
        8000009a         8000009a        0     1                 
        8000009a         8000009a        0     1                 
        800000a2         800000a2        0     1                 
        800000a6         800000a6        0     1                 
        800000a6         800000a6        0     1                 
        800000a6         800000a6        0     1                 
        800000b0         800000b0        0     1                 
        800000ba         800000ba        0     1                 
        800000ba         800000ba        0     1                 
        800000bc         800000bc        0     1                 
        800000bc         800000bc        0     1                 
        800000c0         800000c0        0     1                 
        800000c0         800000c0        0     1                 
        800000c4         800000c4        0     1                 
        800000c8         800000c8        0     1                 
        800000cc         800000cc        0     1                 
        800000d0         800000d0        0     1                 
        800000d4         800000d4        0     1                 
        800000d8         800000d8        0     1                 
        800000e0         800000e0        0     1                 
        800000e8         800000e8        0     1                 
        800000ea         800000ea        0     1                 
        800000ee         800000ee        0     1                 
        800000f4         800000f4        0     1                 
        800000f4         800000f4        0     1                 
        800000f8         800000f8        0     1                 
        800000f8         800000f8        0     1                 
        800000fc         800000fc        0     1                 
        800000fc         800000fc        0     1                 
        80000100         80000100        0     1                 
        80000100         80000100        0     1                 
        80000102         80000102        0     1                 
        80000104         80000104        0     1                 
        80000104         80000104        0     1                 
        8000010a         8000010a        0     1                 
        8000011a         8000011a        0     1                 
        8000011e         8000011e        0     1                 
        8000011e         8000011e        0     1                 
        80000122         80000122        0     1                 
        80000122         80000122        0     1                 
        80000126         80000126        0     1                 
        80000128         80000128        0     1                 
        8000012a         8000012a        0     1                 
        8000012e         8000012e        0     1                 
        80000130         80000130        0     1                 
        80000136         80000136        0     1                 
        80000138         80000138        0     1                 
        8000013c         8000013c        0     1                 
        8000013c         8000013c        0     1                 
        80000140         80000140        0     1                 
        80000142         80000142        0     1                 
        80000142         80000142        0     1                 .LBB0_14
        80000142         80000142        0     1                 
        8000014e         8000014e        0     1                 
        8000014e         8000014e        0     1                 
        80000152         80000152        0     1                 
        80000152         80000152        0     1                 
        80000158         80000158        0     1                 
        80000158         80000158        0     1                 
        8000015a         8000015a        0     1                 
        8000015a         8000015a        0     1                 
        8000015e         8000015e        0     1                 
        8000015e         8000015e        0     1                 
        80000162         80000162        0     1                 
        80000162         80000162        0     1                 
        80000166         80000166        0     1                 
        80000166         80000166        0     1                 
        8000016a         8000016a        0     1                 
        8000016a         8000016a        0     1                 .LBB0_15
        8000016a         8000016a        0     1                 
        80000172         80000172        0     1                 
        80000172         80000172        0     1                 
        80000176         80000176        0     1                 
        80000176         80000176        0     1                 
        8000017a         8000017a        0     1                 
        8000017a         8000017a        0     1                 
        8000017e         8000017e        0     1                 
        8000017e         8000017e        0     1                 
        80000182         80000182        0     1                 
        80000182         80000182        0     1                 
        80000186         80000186        0     1                 
        80000186         80000186        0     1                 .LBB0_16
        80000186         80000186        0     1                 
        80000192         80000192        0     1                 
        8000019a         8000019a        0     1                 
        8000019e         8000019e        0     1                 
        800001a2         800001a2        0     1                 
        800001a4         800001a4        0     1                 
        800001a8         800001a8        0     1                 
        800001a8         800001a8        0     1                 
        800001b4         800001b4        0     1                 
        800001b4         800001b4        0     1                 
        800001ba         800001ba        0     1                 
        800001ba         800001ba        0     1                 
        800001c2         800001c2        0     1                 
        800001c2         800001c2        0     1                 .LBB0_17
        800001c2         800001c2        0     1                 
        800001ca         800001ca        0     1                 
        800001d6         800001d6        0     1                 
        800001dc         800001dc        0     1                 
        800001dc         800001dc        0     1                 
        800001e0         800001e0        0     1                 
        800001e4         800001e4        0     1                 
        800001ec         800001ec        0     1                 
        800001f2         800001f2        0     1                 
        800001f6         800001f6        0     1                 
        800001fa         800001fa        0     1                 
        800001fa         800001fa        0     1                 
        800001fe         800001fe        0     1                 
        800001fe         800001fe        0     1                 
        80000200         80000200        0     1                 
        80000200         80000200        0     1                 .LBB0_18
        80000200         80000200        0     1                 
        8000020c         8000020c        0     1                 
        8000020c         8000020c        0     1                 
        8000020e         8000020e        0     1                 
        8000020e         8000020e        0     1                 
        80000212         80000212        0     1                 
        80000212         80000212        0     1                 
        80000214         80000214        0     1                 
        80000214         80000214        0     1                 
        8000021c         8000021c        0     1                 
        8000021c         8000021c        0     1                 
        80000222         80000222        0     1                 
        80000222         80000222        0     1                 
        8000022a         8000022a        0     1                 
        8000022a         8000022a        0     1                 
        80000230         80000230        0     1                 
        80000234         80000234        0     1                 
        80000234         80000234        0     1                 
        8000023c         8000023c        0     1                 
        8000023c         8000023c        0     1                 
        8000023e         8000023e        0     1                 
        8000023e         8000023e        0     1                 
        8000024a         8000024a        0     1                 
        8000024a         8000024a        0     1                 
        8000024e         8000024e        0     1                 
        8000024e         8000024e        0     1                 
        80000252         80000252        0     1                 
        8000025e         8000025e        0     1                 
        8000025e         8000025e        0     1                 
        8000025e         8000025e        0     1                 
        8000025e         8000025e        0     1                 
        8000025e         8000025e        0     1                 .LBB1_1
        8000025e         8000025e        0     1                 
        8000025e         8000025e        0     1                 
        8000025e         8000025e       24     1                 init_uart0
        8000026a         8000026a        0     1                 
        80000272         80000272        0     1                 
        80000276         80000276        0     1                 
        8000027a         8000027a        0     1                 
        8000027c         8000027c        0     1                 
        80000280         80000280        0     1                 
        80000282         80000282        0     1                 
        80000282         80000282        0     1                 
        80000282         80000282        0     1                 
        80000282         80000282        0     1                 
        80000282         80000282        0     1                 
        80000282         80000282      1c2     1                 enable_paging
        80000284         80000284        0     1                 
        80000284         80000284        0     1                 
        80000284         80000284        0     1                 
        8000029e         8000029e        0     1                 
        8000029e         8000029e        0     1                 
        800002a6         800002a6        0     1                 
        800002ca         800002ca        0     1                 
        800002ca         800002ca        0     1                 .LBB2_9
        800002d6         800002d6        0     1                 .LBB2_10
        800002de         800002de        0     1                 .LBB2_11
        80000302         80000302        0     1                 .LBB2_12
        80000314         80000314        0     1                 
        80000314         80000314        0     1                 
        80000322         80000322        0     1                 
        80000324         80000324        0     1                 
        80000328         80000328        0     1                 
        8000032c         8000032c        0     1                 
        8000032c         8000032c        0     1                 
        8000032e         8000032e        0     1                 
        8000032e         8000032e        0     1                 
        8000033c         8000033c        0     1                 
        80000340         80000340        0     1                 
        80000344         80000344        0     1                 
        80000346         80000346        0     1                 
        8000034a         8000034a        0     1                 
        8000034e         8000034e        0     1                 
        8000034e         8000034e        0     1                 
        80000350         80000350        0     1                 
        80000354         80000354        0     1                 
        80000354         80000354        0     1                 
        8000035c         8000035c        0     1                 
        80000360         80000360        0     1                 
        80000364         80000364        0     1                 
        80000368         80000368        0     1                 
        8000036c         8000036c        0     1                 
        8000036c         8000036c        0     1                 
        8000036e         8000036e        0     1                 
        80000372         80000372        0     1                 
        80000376         80000376        0     1                 
        8000037e         8000037e        0     1                 
        80000380         80000380        0     1                 
        8000038c         8000038c        0     1                 
        80000390         80000390        0     1                 
        80000396         80000396        0     1                 
        80000396         80000396        0     1                 
        800003a0         800003a0        0     1                 
        800003a2         800003a2        0     1                 
        800003a4         800003a4        0     1                 
        800003a6         800003a6        0     1                 
        800003aa         800003aa        0     1                 
        800003aa         800003aa        0     1                 
        800003b2         800003b2        0     1                 
        800003b2         800003b2        0     1                 
        800003ba         800003ba        0     1                 
        800003c2         800003c2        0     1                 
        800003c4         800003c4        0     1                 
        800003cc         800003cc        0     1                 
        800003d4         800003d4        0     1                 
        800003d6         800003d6        0     1                 
        800003da         800003da        0     1                 
        800003e2         800003e2        0     1                 
        800003e6         800003e6        0     1                 
        800003ee         800003ee        0     1                 
        800003f0         800003f0        0     1                 
        800003f4         800003f4        0     1                 
        800003f8         800003f8        0     1                 
        800003f8         800003f8        0     1                 .LBB2_13
        800003f8         800003f8        0     1                 
        80000406         80000406        0     1                 
        8000040a         8000040a        0     1                 
        80000414         80000414        0     1                 
        8000041e         8000041e        0     1                 
        8000041e         8000041e        0     1                 
        80000422         80000422        0     1                 
        80000422         80000422        0     1                 
        80000426         80000426        0     1                 
        80000426         80000426        0     1                 
        80000444         80000444        0     1                 
        80000444         80000444        0     1                 
        80000444         80000444        0     1                 
        80000444         80000444        0     1                 
        80000444         80000444        0     1                 
        80000444         80000444       1c     1                 plic_cap_init
        80000448         80000448        0     1                 .LBB3_1
        80000448         80000448        0     1                 
        80000450         80000450        0     1                 
        8000045c         8000045c        0     1                 
        8000045e         8000045e        0     1                 
        80000460         80000460        0     1                 
        80000460         80000460        0     1                 
        80000460         80000460        0     1                 
        80000460         80000460        0     1                 
        80000460         80000460        0     1                 
        80000460         80000460       46     1                 interruptinit
        80000464         80000464        0     1                 
        8000047a         8000047a        0     1                 
        8000047e         8000047e        0     1                 
        80000486         80000486        0     1                 
        8000048c         8000048c        0     1                 
        80000490         80000490        0     1                 
        80000494         80000494        0     1                 
        80000494         80000494        0     1                 
        80000498         80000498        0     1                 
        80000498         80000498        0     1                 
        8000049e         8000049e        0     1                 
        8000049e         8000049e        0     1                 
        800004a0         800004a0        0     1                 
        800004a0         800004a0        0     1                 
        800004a4         800004a4        0     1                 
        800004a4         800004a4        0     1                 
        800004a6         800004a6        0     1                 
        800004a6         800004a6        0     1                 
        800004a6         800004a6        0     1                 
        800004a6         800004a6        0     1                 
        800004a6         800004a6        0     1                 .LBB5_1
        800004a6         800004a6        0     1                 
        800004a6         800004a6        0     1                 
        800004a6         800004a6       36     1                 timerinit
        800004be         800004be        0     1                 
        800004be         800004be        0     1                 
        800004c2         800004c2        0     1                 
        800004c6         800004c6        0     1                 
        800004c6         800004c6        0     1                 
        800004c8         800004c8        0     1                 
        800004ca         800004ca        0     1                 
        800004ca         800004ca        0     1                 
        800004ce         800004ce        0     1                 
        800004ce         800004ce        0     1                 
        800004d6         800004d6        0     1                 
        800004d8         800004d8        0     1                 
        800004da         800004da        0     1                 
        800004dc         800004dc        0     1                 
        800004dc         800004dc        0     1                 
        800004dc         800004dc        0     1                 
        800004dc         800004dc        0     1                 
        800004dc         800004dc        0     1                 
        800004dc         800004dc       dc     1                 init_pagetable
        800004de         800004de        0     1                 
        800004de         800004de        0     1                 .LBB6_7
        800004f0         800004f0        0     1                 
        800004f0         800004f0        0     1                 
        800004fa         800004fa        0     1                 
        800004fc         800004fc        0     1                 
        80000500         80000500        0     1                 
        80000504         80000504        0     1                 
        80000504         80000504        0     1                 .LBB6_8
        80000504         80000504        0     1                 
        8000050c         8000050c        0     1                 .LBB6_9
        8000051e         8000051e        0     1                 
        8000051e         8000051e        0     1                 
        80000528         80000528        0     1                 
        8000052c         8000052c        0     1                 
        80000530         80000530        0     1                 
        80000532         80000532        0     1                 
        80000536         80000536        0     1                 
        8000053a         8000053a        0     1                 
        8000053a         8000053a        0     1                 
        8000053c         8000053c        0     1                 
        80000540         80000540        0     1                 
        80000540         80000540        0     1                 
        80000546         80000546        0     1                 
        8000054c         8000054c        0     1                 
        80000554         80000554        0     1                 
        8000055e         8000055e        0     1                 
        80000560         80000560        0     1                 
        80000564         80000564        0     1                 
        80000564         80000564        0     1                 
        80000566         80000566        0     1                 
        80000568         80000568        0     1                 
        8000056c         8000056c        0     1                 
        80000570         80000570        0     1                 
        80000572         80000572        0     1                 
        80000574         80000574        0     1                 
        80000574         80000574        0     1                 
        8000057a         8000057a        0     1                 
        8000057e         8000057e        0     1                 
        80000582         80000582        0     1                 
        80000594         80000594        0     1                 
        80000594         80000594        0     1                 
        8000059e         8000059e        0     1                 
        800005a0         800005a0        0     1                 
        800005a2         800005a2        0     1                 
        800005a4         800005a4        0     1                 
        800005a8         800005a8        0     1                 
        800005a8         800005a8        0     1                 
        800005b6         800005b6        0     1                 
        800005b8         800005b8        0     1                 
        800005b8         800005b8        0     1                 
        800005b8         800005b8        0     1                 
        800005b8         800005b8        0     1                 
        800005b8         800005b8        0     1                 
        800005b8         800005b8      23c     1                 debug_pagetable
        800005ba         800005ba        0     1                 
        800005ca         800005ca        0     1                 
        800005cc         800005cc        0     1                 
        800005cc         800005cc        0     1                 .LBB7_1
        800005cc         800005cc        0     1                 
        800005dc         800005dc        0     1                 
        800005e6         800005e6        0     1                 .LBB7_2
        800005e6         800005e6        0     1                 
        800005f6         800005f6        0     1                 .LBB7_3
        800005f6         800005f6        0     1                 
        80000606         80000606        0     1                 .LBB7_4
        80000606         80000606        0     1                 
        8000061a         8000061a        0     1                 
        80000622         80000622        0     1                 .LBB7_5
        80000622         80000622        0     1                 
        80000632         80000632        0     1                 .LBB7_6
        80000632         80000632        0     1                 
        80000642         80000642        0     1                 
        80000644         80000644        0     1                 
        8000064e         8000064e        0     1                 .LBB7_7
        8000064e         8000064e        0     1                 
        80000662         80000662        0     1                 .LBB7_8
        80000662         80000662        0     1                 
        80000678         80000678        0     1                 
        80000680         80000680        0     1                 
        80000688         80000688        0     1                 .LBB7_9
        80000688         80000688        0     1                 
        80000698         80000698        0     1                 .LBB7_10
        80000698         80000698        0     1                 
        800006a4         800006a4        0     1                 
        800006a6         800006a6        0     1                 
        800006b0         800006b0        0     1                 
        800006bc         800006bc        0     1                 .LBB7_11
        800006bc         800006bc        0     1                 
        800006cc         800006cc        0     1                 
        800006d0         800006d0        0     1                 
        800006d8         800006d8        0     1                 .LBB7_12
        800006d8         800006d8        0     1                 
        800006ec         800006ec        0     1                 
        800006f6         800006f6        0     1                 
        800006f8         800006f8        0     1                 
        80000700         80000700        0     1                 
        8000070c         8000070c        0     1                 .LBB7_13
        8000070c         8000070c        0     1                 
        8000071c         8000071c        0     1                 
        8000071e         8000071e        0     1                 
        80000726         80000726        0     1                 
        80000736         80000736        0     1                 
        8000073e         8000073e        0     1                 
        8000074a         8000074a        0     1                 .LBB7_14
        8000074a         8000074a        0     1                 
        8000075a         8000075a        0     1                 .LBB7_15
        8000075a         8000075a        0     1                 
        8000076a         8000076a        0     1                 
        80000774         80000774        0     1                 .LBB7_16
        80000774         80000774        0     1                 
        80000788         80000788        0     1                 
        8000078e         8000078e        0     1                 
        80000796         80000796        0     1                 
        800007a2         800007a2        0     1                 .LBB7_17
        800007a2         800007a2        0     1                 
        800007b2         800007b2        0     1                 
        800007bc         800007bc        0     1                 
        800007c8         800007c8        0     1                 
        800007ce         800007ce        0     1                 
        800007d6         800007d6        0     1                 
        800007f4         800007f4        0     1                 
        800007f4         800007f4        0     1                 
        800007f4         800007f4      184     4         kprintf.o:(.text)
        800007f4         800007f4        0     1                 
        800007f4         800007f4        0     1                 
        800007f4         800007f4        0     1                 .LBB0_3
        800007f4         800007f4        0     1                 
        800007f4         800007f4       1a     1                 putachar
        800007fe         800007fe        0     1                 
        80000802         80000802        0     1                 
        80000806         80000806        0     1                 
        80000808         80000808        0     1                 
        8000080c         8000080c        0     1                 
        8000080e         8000080e        0     1                 
        8000080e         8000080e        0     1                 
        8000080e         8000080e        0     1                 
        8000080e         8000080e        0     1                 
        8000080e         8000080e        0     1                 
        8000080e         8000080e        0     1                 
        8000080e         8000080e       2a     1                 printstring
        80000812         80000812        0     1                 
        80000814         80000814        0     1                 
        80000814         80000814        0     1                 .LBB1_6
        80000814         80000814        0     1                 
        8000081c         8000081c        0     1                 
        8000081e         8000081e        0     1                 
        8000081e         8000081e        0     1                 
        80000822         80000822        0     1                 
        80000826         80000826        0     1                 
        80000828         80000828        0     1                 
        8000082c         8000082c        0     1                 
        8000082c         8000082c        0     1                 
        80000830         80000830        0     1                 
        80000834         80000834        0     1                 
        80000834         80000834        0     1                 
        80000836         80000836        0     1                 
        80000838         80000838        0     1                 
        80000838         80000838        0     1                 
        80000838         80000838        0     1                 
        80000838         80000838        0     1                 
        80000838         80000838        0     1                 .LBB2_3
        80000838         80000838        0     1                 
        80000838         80000838       18     1                 getachar
        80000842         80000842        0     1                 
        80000846         80000846        0     1                 
        80000848         80000848        0     1                 
        8000084a         8000084a        0     1                 
        8000084e         8000084e        0     1                 
        80000850         80000850        0     1                 
        80000850         80000850        0     1                 
        80000850         80000850        0     1                 
        80000850         80000850        0     1                 
        80000850         80000850        0     1                 .LBB3_7
        80000850         80000850        0     1                 
        80000850         80000850       40     1                 printhex
        8000085c         8000085c        0     1                 
        80000860         80000860        0     1                 
        80000860         80000860        0     1                 
        80000864         80000864        0     1                 
        80000864         80000864        0     1                 
        80000868         80000868        0     1                 
        80000868         80000868        0     1                 
        8000086a         8000086a        0     1                 
        8000086a         8000086a        0     1                 
        8000086c         8000086c        0     1                 
        80000870         80000870        0     1                 
        80000870         80000870        0     1                 
        80000874         80000874        0     1                 
        80000876         80000876        0     1                 
        80000876         80000876        0     1                 
        8000087a         8000087a        0     1                 
        8000087a         8000087a        0     1                 
        8000087e         8000087e        0     1                 
        80000882         80000882        0     1                 
        80000884         80000884        0     1                 
        80000884         80000884        0     1                 
        80000888         80000888        0     1                 
        80000888         80000888        0     1                 
        8000088e         8000088e        0     1                 
        8000088e         8000088e        0     1                 
        80000890         80000890        0     1                 
        80000890         80000890        0     1                 
        80000890         80000890        0     1                 
        80000890         80000890        0     1                 
        80000890         80000890        0     1                 .LBB4_20
        80000890         80000890        0     1                 
        80000890         80000890       c2     1                 panic
        8000089a         8000089a        0     1                 
        8000089a         8000089a        0     1                 
        8000089e         8000089e        0     1                 
        800008a2         800008a2        0     1                 
        800008a4         800008a4        0     1                 
        800008a8         800008a8        0     1                 
        800008ac         800008ac        0     1                 
        800008ac         800008ac        0     1                 
        800008ae         800008ae        0     1                 
        800008b2         800008b2        0     1                 
        800008b6         800008b6        0     1                 
        800008b8         800008b8        0     1                 
        800008bc         800008bc        0     1                 
        800008c0         800008c0        0     1                 
        800008c0         800008c0        0     1                 
        800008c2         800008c2        0     1                 
        800008c6         800008c6        0     1                 
        800008ca         800008ca        0     1                 
        800008cc         800008cc        0     1                 
        800008d0         800008d0        0     1                 
        800008d4         800008d4        0     1                 
        800008d4         800008d4        0     1                 
        800008d6         800008d6        0     1                 
        800008da         800008da        0     1                 
        800008de         800008de        0     1                 
        800008e0         800008e0        0     1                 
        800008e4         800008e4        0     1                 
        800008e8         800008e8        0     1                 
        800008e8         800008e8        0     1                 
        800008ea         800008ea        0     1                 
        800008ee         800008ee        0     1                 
        800008f2         800008f2        0     1                 
        800008f4         800008f4        0     1                 
        800008f8         800008f8        0     1                 
        800008fc         800008fc        0     1                 
        800008fc         800008fc        0     1                 
        800008fe         800008fe        0     1                 
        80000902         80000902        0     1                 
        80000906         80000906        0     1                 
        80000908         80000908        0     1                 
        8000090c         8000090c        0     1                 
        80000910         80000910        0     1                 
        80000910         80000910        0     1                 
        80000912         80000912        0     1                 
        80000916         80000916        0     1                 
        8000091a         8000091a        0     1                 
        8000091c         8000091c        0     1                 
        80000920         80000920        0     1                 
        80000924         80000924        0     1                 
        80000924         80000924        0     1                 
        80000928         80000928        0     1                 
        8000092a         8000092a        0     1                 
        8000092a         8000092a        0     1                 
        8000092c         8000092c        0     1                 
        8000092c         8000092c        0     1                 
        80000930         80000930        0     1                 
        80000934         80000934        0     1                 
        80000936         80000936        0     1                 
        8000093a         8000093a        0     1                 
        8000093a         8000093a        0     1                 
        8000093e         8000093e        0     1                 
        80000942         80000942        0     1                 
        80000944         80000944        0     1                 
        80000944         80000944        0     1                 .LBB4_21
        80000944         80000944        0     1                 
        80000950         80000950        0     1                 
        80000952         80000952        0     1                 
        80000952         80000952        0     1                 
        80000952         80000952        0     1                 
        80000952         80000952        0     1                 
        80000952         80000952        0     1                 .LBB5_6
        80000952         80000952        0     1                 
        80000952         80000952       26     1                 uartintr
        8000095c         8000095c        0     1                 
        8000095c         8000095c        0     1                 
        80000960         80000960        0     1                 
        80000962         80000962        0     1                 
        80000964         80000964        0     1                 
        80000968         80000968        0     1                 
        80000968         80000968        0     1                 
        8000096c         8000096c        0     1                 
        80000970         80000970        0     1                 
        80000972         80000972        0     1                 
        80000978         80000978        0     1                 
        80000978         80000978        0     1                 
        80000978         80000978        0     1                 
        80010000         80010000       a2 65536         kernelvec.o:(.text)
        80010000         80010000        0     1                 
        80010000         80010000        0     1                 
        80010000         80010000       a2     1                 kernelvec
        8001004c         8001004c        0     1                 
        800100a2         800100a2        0     1                 
        800100a4         800100a4       74     4         plic.o:(.text)
        800100a4         800100a4        0     1                 
        800100a4         800100a4        0     1                 
        800100a4         800100a4        0     1                 
        800100a4         800100a4       38     1                 plic_init
        800100a8         800100a8        0     1                 
        800100be         800100be        0     1                 
        800100c6         800100c6        0     1                 
        800100ce         800100ce        0     1                 
        800100d4         800100d4        0     1                 
        800100d8         800100d8        0     1                 
        800100da         800100da        0     1                 
        800100dc         800100dc        0     1                 
        800100dc         800100dc        0     1                 
        800100dc         800100dc        0     1                 
        800100dc         800100dc        0     1                 
        800100dc         800100dc        0     1                 
        800100dc         800100dc       1e     1                 plic_claim
        800100e0         800100e0        0     1                 
        800100f6         800100f6        0     1                 
        800100f8         800100f8        0     1                 
        800100fa         800100fa        0     1                 
        800100fa         800100fa        0     1                 
        800100fa         800100fa        0     1                 
        800100fa         800100fa        0     1                 
        800100fa         800100fa        0     1                 
        800100fa         800100fa       1e     1                 plic_complete
        800100fe         800100fe        0     1                 
        80010114         80010114        0     1                 
        80010116         80010116        0     1                 
        80010118         80010118        0     1                 
        80010118         80010118        0     1                 
        80010118         80010118       a0     4         trap.o:(.text)
        80010118         80010118        0     1                 
        80010118         80010118        0     1                 
        80010118         80010118        0     1                 
        80010118         80010118       a0     1                 trap_handler
        8001011a         8001011a        0     1                 
        8001011a         8001011a        0     1                 
        8001011a         8001011a        0     1                 
        8001011e         8001011e        0     1                 
        80010122         80010122        0     1                 
        80010122         80010122        0     1                 
        80010124         80010124        0     1                 
        80010124         80010124        0     1                 
        80010128         80010128        0     1                 
        80010128         80010128        0     1                 
        8001012c         8001012c        0     1                 
        8001012c         8001012c        0     1                 
        80010130         80010130        0     1                 
        80010130         80010130        0     1                 
        80010132         80010132        0     1                 
        80010136         80010136        0     1                 
        80010138         80010138        0     1                 
        8001013c         8001013c        0     1                 
        8001013e         8001013e        0     1                 
        80010142         80010142        0     1                 
        80010142         80010142        0     1                 
        80010146         80010146        0     1                 
        80010148         80010148        0     1                 
        80010148         80010148        0     1                 
        8001014a         8001014a        0     1                 
        8001014a         8001014a        0     1                 
        80010152         80010152        0     1                 
        80010152         80010152        0     1                 
        8001015a         8001015a        0     1                 
        8001015a         8001015a        0     1                 
        8001015c         8001015c        0     1                 
        8001015c         8001015c        0     1                 .LBB0_12
        8001015c         8001015c        0     1                 
        8001016c         8001016c        0     1                 
        8001017c         8001017c        0     1                 
        8001017c         8001017c        0     1                 
        80010184         80010184        0     1                 
        80010184         80010184        0     1                 
        80010188         80010188        0     1                 
        80010188         80010188        0     1                 
        8001018a         8001018a        0     1                 
        8001018a         8001018a        0     1                 
        8001018e         8001018e        0     1                 
        8001018e         8001018e        0     1                 
        80010190         80010190        0     1                 
        80010190         80010190        0     1                 
        80010194         80010194        0     1                 
        80010194         80010194        0     1                 
        8001019c         8001019c        0     1                 
        800101a0         800101a0        0     1                 
        800101a0         800101a0        0     1                 
        800101a4         800101a4        0     1                 
        800101a4         800101a4        0     1                 
        800101a8         800101a8        0     1                 
        800101a8         800101a8        0     1                 
        800101ac         800101ac        0     1                 
        800101ac         800101ac        0     1                 
        800101b0         800101b0        0     1                 
        800101b0         800101b0        0     1                 
        800101b4         800101b4        0     1                 
        800101b8         800101b8        0     1                 
        800101b8         800101b8        0     1                 
        800101b8         800101b8       b0     4         main.o:(.text)
        800101b8         800101b8        0     1                 
        800101b8         800101b8        0     1                 
        800101b8         800101b8        0     1                 
        800101b8         800101b8        0     1                 
        800101b8         800101b8       12     1                 syscall
        800101bc         800101bc        0     1                 
        800101c0         800101c0        0     1                 
        800101c4         800101c4        0     1                 
        800101c8         800101c8        0     1                 
        800101c8         800101c8        0     1                 
        800101ca         800101ca        0     1                 
        800101ca         800101ca        0     1                 
        800101ca         800101ca        0     1                 
        800101ca         800101ca        0     1                 
        800101ca         800101ca        0     1                 
        800101ca         800101ca        0     1                 
        800101ca         800101ca       16     1                 user_printstring
        800101ce         800101ce        0     1                 
        800101d2         800101d2        0     1                 
        800101d6         800101d6        0     1                 
        800101da         800101da        0     1                 
        800101de         800101de        0     1                 
        800101de         800101de        0     1                 
        800101e0         800101e0        0     1                 
        800101e0         800101e0        0     1                 
        800101e0         800101e0        0     1                 
        800101e0         800101e0        0     1                 
        800101e0         800101e0        0     1                 
        800101e0         800101e0        0     1                 
        800101e0         800101e0       1a     1                 user_putachar
        800101e4         800101e4        0     1                 
        800101e4         800101e4        0     1                 
        800101e8         800101e8        0     1                 
        800101ec         800101ec        0     1                 
        800101f0         800101f0        0     1                 
        800101f4         800101f4        0     1                 
        800101f8         800101f8        0     1                 
        800101f8         800101f8        0     1                 
        800101fa         800101fa        0     1                 
        800101fa         800101fa        0     1                 
        800101fa         800101fa        0     1                 
        800101fa         800101fa        0     1                 
        800101fa         800101fa        0     1                 
        800101fa         800101fa        0     1                 
        800101fa         800101fa       1a     1                 user_getachar
        800101fe         800101fe        0     1                 
        80010202         80010202        0     1                 
        80010206         80010206        0     1                 
        8001020a         8001020a        0     1                 
        8001020e         8001020e        0     1                 
        8001020e         8001020e        0     1                 
        80010212         80010212        0     1                 
        80010214         80010214        0     1                 
        80010214         80010214        0     1                 
        80010214         80010214        0     1                 
        80010214         80010214        0     1                 
        80010214         80010214        0     1                 .LBB4_3
        80010214         80010214        0     1                 
        80010214         80010214        0     1                 
        80010214         80010214       54     1                 main
        8001021c         8001021c        0     1                 
        8001021c         8001021c        0     1                 
        80010220         80010220        0     1                 
        80010224         80010224        0     1                 
        80010228         80010228        0     1                 
        8001022c         8001022c        0     1                 
        80010230         80010230        0     1                 
        80010230         80010230        0     1                 
        80010234         80010234        0     1                 
        80010238         80010238        0     1                 
        80010238         80010238        0     1                 
        80010240         80010240        0     1                 
        80010240         80010240        0     1                 
        80010244         80010244        0     1                 
        80010248         80010248        0     1                 
        8001024c         8001024c        0     1                 
        80010250         80010250        0     1                 
        80010254         80010254        0     1                 
        80010254         80010254        0     1                 
        80010258         80010258        0     1                 
        8001025c         8001025c        0     1                 
        8001025c         8001025c        0     1                 
        80010260         80010260        0     1                 
        80010264         80010264        0     1                 
        80010268         80010268        0     1                 
        80010268         80010268        0     1                 
        80010268         80010268      d98     1         . = ALIGN ( 0x1000 )
        80011000         80011000       c4     4 .eh_frame_hdr
        80011000         80011000       c4     4         <internal>:(.eh_frame_hdr)
        800110c8         800110c8      27c     8 .eh_frame
        800110c8         800110c8       14     1         start.o:(.eh_frame+0x0)
        800110e0         800110e0       34     1         start.o:(.eh_frame+0x14)
        80011118         80011118       44     1         start.o:(.eh_frame+0x48)
        80011160         80011160       14     1         start.o:(.eh_frame+0x8c)
        80011178         80011178       14     1         start.o:(.eh_frame+0xa0)
        80011190         80011190       14     1         start.o:(.eh_frame+0xb4)
        800111a8         800111a8       28     1         start.o:(.eh_frame+0xc8)
        800111d0         800111d0       14     1         kprintf.o:(.eh_frame+0x14)
        800111e8         800111e8       14     1         kprintf.o:(.eh_frame+0x28)
        80011200         80011200       14     1         kprintf.o:(.eh_frame+0x3c)
        80011218         80011218       14     1         kprintf.o:(.eh_frame+0x50)
        80011230         80011230       14     1         kprintf.o:(.eh_frame+0x64)
        80011248         80011248       18     1         kprintf.o:(.eh_frame+0x78)
        80011260         80011260       14     1         plic.o:(.eh_frame+0x14)
        80011278         80011278       14     1         plic.o:(.eh_frame+0x28)
        80011290         80011290       14     1         plic.o:(.eh_frame+0x3c)
        800112a8         800112a8       1c     1         trap.o:(.eh_frame+0x14)
        800112c8         800112c8       14     1         main.o:(.eh_frame+0x14)
        800112e0         800112e0       14     1         main.o:(.eh_frame+0x28)
        800112f8         800112f8       14     1         main.o:(.eh_frame+0x3c)
        80011310         80011310       14     1         main.o:(.eh_frame+0x50)
        80011328         80011328       14     1         main.o:(.eh_frame+0x64)
        80011344         80011344      10b     1 .rodata
        80011344         80011344       1c     1         . = ALIGN ( CAP_ALIGN )
        80011360         80011360       ef     1         <internal>:(.rodata)
        8001144f         8001144f       11     1 . = ALIGN ( CAP_ALIGN )
        80011460         80011460      410     8 __cap_relocs
        80011460         80011460      410     8         <internal>:(__cap_relocs)
        80011870         80011870      1b0    16 .captable
        80011870         80011870       10     1         . = ALIGN ( CAP_ALIGN )
        80011880         80011880      1a0    16         <internal>:(.captable)
        80011a20         80011a20        0     1 .data
        80011a20         80011a20        0     1         . = ALIGN ( CAP_ALIGN )
        80012000         80012000    23010  4096 .bss
        80012000         80012000        0     1         __bss = .
        80012000         80012000    22000  4096         start.o:(.bss)
        80012000         80012000       10     1                 kernel_ddc
        80012010         80012010      280     1                 pcb
        80012290         80012290       10     1                 uart0
        800122a0         800122a0       10     1                 plic
        80013000         80013000    18000     1                 page_table
        8002b000         8002b000     4000     1                 user_l1_tables
        8002f000         8002f000     4000     1                 kernel_l1_tables
        80033000         80033000     1000     1                 kernel_page_table
        80034000         80034000        8     8         start.o:(.sbss)
        80034000         80034000        8     1                 current_pid
        80034008         80034008        4     4         kprintf.o:(.sbss)
        80034008         80034008        4     1                 panicked
        80034010         80034010     1000    16         main.o:(.bss)
        80034010         80034010     1000     1                 userstack
        80035010         80035010        0     1         __bss_end = .
        80035010         80035010    20010     1 .stack
        80035010         80035010       10     1         . = ALIGN ( CAP_ALIGN )
        80035020         80035020        0     1         stack0 = .
        80035020         80035020    20000     1         . += 128 * 1024
               0                0     19d7     1 .debug_info
               0                0       f1     1         entry.o:(.debug_info)
               0                0        0     1                 
              f1               f1       e4     1         userentry.o:(.debug_info)
              f1               f1        0     1                 
             1d5              1d5      e64     1         start.o:(.debug_info)
            1039             1039      2e6     1         kprintf.o:(.debug_info)
            131f             131f       cd     1         kernelvec.o:(.debug_info)
            131f             131f        0     1                 
            13ec             13ec       c8     1         plic.o:(.debug_info)
            14b4             14b4      1ef     1         trap.o:(.debug_info)
            16a3             16a3      334     1         main.o:(.debug_info)
               0                0      793     1 .debug_abbrev
               0                0       21     1         entry.o:(.debug_abbrev)
               0                0        0     1                 
              21               21       21     1         userentry.o:(.debug_abbrev)
              21               21        0     1                 
              42               42      2d9     1         start.o:(.debug_abbrev)
             31b              31b      161     1         kprintf.o:(.debug_abbrev)
             47c              47c       21     1         kernelvec.o:(.debug_abbrev)
             47c              47c        0     1                 
             49d              49d       92     1         plic.o:(.debug_abbrev)
             52f              52f      120     1         trap.o:(.debug_abbrev)
             64f              64f      144     1         main.o:(.debug_abbrev)
               0                0       90     1 .debug_aranges
               0                0       30     1         entry.o:(.debug_aranges)
              30               30       30     1         userentry.o:(.debug_aranges)
              60               60       30     1         kernelvec.o:(.debug_aranges)
               0                0     13e6     1 .debug_line
               0                0       53     1         entry.o:(.debug_line)
               0                0        0     1                 .Lline_table_start0
              53               53       49     1         userentry.o:(.debug_line)
              53               53        0     1                 .Lline_table_start0
              9c               9c      988     1         start.o:(.debug_line)
              9c               9c        0     1                 .Lline_table_start0
             a24              a24      40f     1         kprintf.o:(.debug_line)
             a24              a24        0     1                 .Lline_table_start0
             e33              e33       82     1         kernelvec.o:(.debug_line)
             e33              e33        0     1                 .Lline_table_start0
             eb5              eb5      15d     1         plic.o:(.debug_line)
             eb5              eb5        0     1                 .Lline_table_start0
            1012             1012      1d4     1         trap.o:(.debug_line)
            1012             1012        0     1                 .Lline_table_start0
            11e6             11e6      200     1         main.o:(.debug_line)
            11e6             11e6        0     1                 .Lline_table_start0
               0                0      c67     1 .debug_loc
               0                0      57f     1         start.o:(.debug_loc)
               0                0        0     1                 
              23               23        0     1                 
              46               46        0     1                 
              69               69        0     1                 
              8c               8c        0     1                 
              af               af        0     1                 
              d2               d2        0     1                 
              f5               f5        0     1                 
             118              118        0     1                 
             13b              13b        0     1                 
             15e              15e        0     1                 
             181              181        0     1                 
             1a4              1a4        0     1                 
             1c7              1c7        0     1                 
             1ea              1ea        0     1                 
             20d              20d        0     1                 
             230              230        0     1                 
             253              253        0     1                 
             276              276        0     1                 
             2ac              2ac        0     1                 
             2cf              2cf        0     1                 
             2f2              2f2        0     1                 
             315              315        0     1                 
             338              338        0     1                 
             35b              35b        0     1                 
             37e              37e        0     1                 
             3a1              3a1        0     1                 
             3c4              3c4        0     1                 
             3fb              3fb        0     1                 
             41e              41e        0     1                 
             441              441        0     1                 
             464              464        0     1                 
             487              487        0     1                 
             4aa              4aa        0     1                 
             4cd              4cd        0     1                 
             516              516        0     1                 
             539              539        0     1                 
             55c              55c        0     1                 
             57f              57f      22a     1         kprintf.o:(.debug_loc)
             57f              57f        0     1                 
             5c8              5c8        0     1                 
             638              638        0     1                 
             66e              66e        0     1                 
             691              691        0     1                 
             6c7              6c7        0     1                 
             6ea              6ea        0     1                 
             786              786        0     1                 
             7a9              7a9      1f9     1         trap.o:(.debug_loc)
             7a9              7a9        0     1                 
             7df              7df        0     1                 
             802              802        0     1                 
             871              871        0     1                 
             8cd              8cd        0     1                 
             916              916        0     1                 
             939              939        0     1                 
             95c              95c        0     1                 
             97f              97f        0     1                 
             9a2              9a2      2c5     1         main.o:(.debug_loc)
             9a2              9a2        0     1                 
             9c5              9c5        0     1                 
             9fb              9fb        0     1                 
             a1e              a1e        0     1                 
             a54              a54        0     1                 
             a77              a77        0     1                 
             a9a              a9a        0     1                 
             ad0              ad0        0     1                 
             af3              af3        0     1                 
             b29              b29        0     1                 
             b4c              b4c        0     1                 
             b82              b82        0     1                 
             ba5              ba5        0     1                 
             bc8              bc8        0     1                 
             beb              beb        0     1                 
             c0e              c0e        0     1                 
             c44              c44        0     1                 
               0                0      160     1 .debug_ranges
               0                0       d0     1         start.o:(.debug_ranges)
               0                0        0     1                 
              30               30        0     1                 
              70               70        0     1                 
              a0               a0        0     1                 
              d0               d0       60     1         kprintf.o:(.debug_ranges)
              d0               d0        0     1                 
             100              100        0     1                 
             130              130       30     1         trap.o:(.debug_ranges)
             130              130        0     1                 
               0                0      6ac     1 .debug_str
               0                0      6ac     1         <internal>:(.debug_str)
               0                0       84     1 .comment
               0                0       84     1         <internal>:(.comment)
               0                0       3f     1 .riscv.attributes
               0                0       3f     1         start.o:(.riscv.attributes)
               0                0     6438     8 .symtab
               0                0     6438     8         <internal>:(.symtab)
               0                0       de     1 .shstrtab
               0                0       de     1         <internal>:(.shstrtab)
               0                0      218     1 .strtab
               0                0      218     1         <internal>:(.strtab)
