             VMA              LMA     Size Align Out     In      Symbol
               0                0        0     1 CAP_ALIGN = 0x20
               0                0 80000000     1 . = 0x80000000
        80000000         80000000    11000 65536 .text
        80000000         80000000       6e     2         entry.o:(.text)
        80000000         80000000        0     1                 
        80000000         80000000        0     1                 
        80000000         80000000        0     1                 _entry
        80000036         80000036        0     1                 next
        80000036         80000036        0     1                 
        80000036         80000036        0     1                 
        80000062         80000062        0     1                 
        8000006c         8000006c        0     1                 spin
        8000006c         8000006c        0     1                 
        8000006c         8000006c        0     1                 
        8000006e         8000006e        0     1                 
        80000070         80000070      2b6     4         kernel.o:(.text)
        80000070         80000070        0     1                 
        80000070         80000070        0     1                 
        80000070         80000070        0     1                 
        80000070         80000070        0     1                 
        80000070         80000070      1c0     1                 start
        80000074         80000074        0     1                 
        80000074         80000074        0     1                 
        80000074         80000074        0     1                 
        8000007e         8000007e        0     1                 
        80000088         80000088        0     1                 
        80000088         80000088        0     1                 
        8000008a         8000008a        0     1                 
        8000008a         8000008a        0     1                 
        8000008e         8000008e        0     1                 
        8000008e         8000008e        0     1                 
        80000092         80000092        0     1                 
        80000096         80000096        0     1                 
        8000009a         8000009a        0     1                 
        8000009e         8000009e        0     1                 
        800000a2         800000a2        0     1                 
        800000a6         800000a6        0     1                 
        800000ae         800000ae        0     1                 
        800000b6         800000b6        0     1                 
        800000b8         800000b8        0     1                 
        800000bc         800000bc        0     1                 
        800000c2         800000c2        0     1                 
        800000c2         800000c2        0     1                 
        800000c6         800000c6        0     1                 
        800000c6         800000c6        0     1                 
        800000c8         800000c8        0     1                 
        800000c8         800000c8        0     1                 
        800000cc         800000cc        0     1                 
        800000cc         800000cc        0     1                 
        800000ce         800000ce        0     1                 
        800000d0         800000d0        0     1                 
        800000d0         800000d0        0     1                 
        800000d6         800000d6        0     1                 
        800000e6         800000e6        0     1                 
        800000ea         800000ea        0     1                 
        800000ea         800000ea        0     1                 
        800000ee         800000ee        0     1                 
        800000ee         800000ee        0     1                 
        800000f2         800000f2        0     1                 
        800000f4         800000f4        0     1                 
        800000f6         800000f6        0     1                 
        800000fa         800000fa        0     1                 
        800000fc         800000fc        0     1                 
        80000102         80000102        0     1                 
        80000104         80000104        0     1                 
        80000108         80000108        0     1                 
        80000108         80000108        0     1                 
        8000010c         8000010c        0     1                 
        8000010e         8000010e        0     1                 
        8000010e         8000010e        0     1                 
        80000112         80000112        0     1                 
        80000112         80000112        0     1                 
        80000118         80000118        0     1                 
        80000118         80000118        0     1                 
        8000011a         8000011a        0     1                 
        8000011a         8000011a        0     1                 
        80000120         80000120        0     1                 
        80000120         80000120        0     1                 .LBB0_14
        80000120         80000120        0     1                 
        80000128         80000128        0     1                 
        8000012a         8000012a        0     1                 .LBB0_15
        8000012a         8000012a        0     1                 
        80000132         80000132        0     1                 
        80000132         80000132        0     1                 
        80000136         80000136        0     1                 
        80000136         80000136        0     1                 
        8000013a         8000013a        0     1                 
        8000013a         8000013a        0     1                 
        8000013e         8000013e        0     1                 
        8000013e         8000013e        0     1                 
        80000142         80000142        0     1                 
        80000142         80000142        0     1                 
        80000146         80000146        0     1                 
        80000146         80000146        0     1                 
        8000014c         8000014c        0     1                 
        80000150         80000150        0     1                 
        80000150         80000150        0     1                 
        80000154         80000154        0     1                 
        80000154         80000154        0     1                 
        80000158         80000158        0     1                 
        80000158         80000158        0     1                 
        8000015c         8000015c        0     1                 
        8000015c         8000015c        0     1                 
        80000160         80000160        0     1                 
        80000160         80000160        0     1                 
        80000166         80000166        0     1                 
        80000166         80000166        0     1                 
        80000168         80000168        0     1                 
        80000168         80000168        0     1                 
        8000016e         8000016e        0     1                 
        8000016e         8000016e        0     1                 
        80000172         80000172        0     1                 
        80000172         80000172        0     1                 .LBB0_16
        80000172         80000172        0     1                 
        8000017e         8000017e        0     1                 
        80000186         80000186        0     1                 
        8000018c         8000018c        0     1                 
        8000018c         8000018c        0     1                 .LBB0_17
        8000018c         8000018c        0     1                 
        80000194         80000194        0     1                 
        800001a0         800001a0        0     1                 
        800001a2         800001a2        0     1                 
        800001a2         800001a2        0     1                 
        800001a6         800001a6        0     1                 
        800001a6         800001a6        0     1                 
        800001aa         800001aa        0     1                 
        800001aa         800001aa        0     1                 
        800001ae         800001ae        0     1                 
        800001ae         800001ae        0     1                 
        800001b2         800001b2        0     1                 
        800001b2         800001b2        0     1                 
        800001b6         800001b6        0     1                 
        800001b6         800001b6        0     1                 
        800001ba         800001ba        0     1                 
        800001ba         800001ba        0     1                 
        800001be         800001be        0     1                 
        800001be         800001be        0     1                 
        800001c2         800001c2        0     1                 
        800001c2         800001c2        0     1                 
        800001ca         800001ca        0     1                 
        800001ca         800001ca        0     1                 
        800001d2         800001d2        0     1                 
        800001d2         800001d2        0     1                 
        800001d6         800001d6        0     1                 
        800001da         800001da        0     1                 
        800001da         800001da        0     1                 
        800001dc         800001dc        0     1                 
        800001de         800001de        0     1                 
        800001de         800001de        0     1                 
        800001e2         800001e2        0     1                 
        800001e2         800001e2        0     1                 
        800001ea         800001ea        0     1                 
        800001ec         800001ec        0     1                 
        800001f2         800001f2        0     1                 
        800001f2         800001f2        0     1                 
        800001f8         800001f8        0     1                 
        800001fc         800001fc        0     1                 
        80000204         80000204        0     1                 
        8000020a         8000020a        0     1                 
        8000020e         8000020e        0     1                 
        80000212         80000212        0     1                 
        80000212         80000212        0     1                 
        80000216         80000216        0     1                 
        80000216         80000216        0     1                 
        80000218         80000218        0     1                 
        80000218         80000218        0     1                 
        8000021c         8000021c        0     1                 
        8000021c         8000021c        0     1                 
        8000021e         8000021e        0     1                 
        80000222         80000222        0     1                 
        80000222         80000222        0     1                 
        80000226         80000226        0     1                 
        80000226         80000226        0     1                 
        80000228         80000228        0     1                 
        80000228         80000228        0     1                 
        8000022a         8000022a        0     1                 
        8000022a         8000022a        0     1                 
        8000022e         8000022e        0     1                 
        80000230         80000230        0     1                 
        80000230         80000230        0     1                 
        80000230         80000230        0     1                 
        80000230         80000230        0     1                 
        80000230         80000230        0     1                 
        80000230         80000230        0     1                 
        80000230         80000230       4c     1                 handle_timer_interrupt
        80000234         80000234        0     1                 
        80000234         80000234        0     1                 
        80000246         80000246        0     1                 
        80000246         80000246        0     1                 
        8000024a         8000024a        0     1                 
        8000024e         8000024e        0     1                 
        8000024e         8000024e        0     1                 
        80000252         80000252        0     1                 
        80000252         80000252        0     1                 
        80000254         80000254        0     1                 
        8000025a         8000025a        0     1                 
        8000025a         8000025a        0     1                 
        8000025c         8000025c        0     1                 
        8000025c         8000025c        0     1                 
        80000260         80000260        0     1                 
        80000260         80000260        0     1                 .LBB1_1
        80000260         80000260        0     1                 
        8000026c         8000026c        0     1                 
        8000026e         8000026e        0     1                 
        80000270         80000270        0     1                 
        80000276         80000276        0     1                 
        8000027a         8000027a        0     1                 
        8000027c         8000027c        0     1                 
        8000027c         8000027c        0     1                 
        8000027c         8000027c        0     1                 
        8000027c         8000027c        0     1                 
        8000027c         8000027c        0     1                 .LBB2_1
        8000027c         8000027c        0     1                 
        8000027c         8000027c        0     1                 
        8000027c         8000027c       18     1                 init_uart0
        80000288         80000288        0     1                 
        80000290         80000290        0     1                 
        80000292         80000292        0     1                 
        80000294         80000294        0     1                 
        80000294         80000294        0     1                 
        80000294         80000294        0     1                 
        80000294         80000294        0     1                 
        80000294         80000294        0     1                 
        80000294         80000294       1c     1                 plic_cap_init
        80000298         80000298        0     1                 .LBB3_1
        80000298         80000298        0     1                 
        800002a0         800002a0        0     1                 
        800002ac         800002ac        0     1                 
        800002ae         800002ae        0     1                 
        800002b0         800002b0        0     1                 
        800002b0         800002b0        0     1                 
        800002b0         800002b0        0     1                 
        800002b0         800002b0        0     1                 
        800002b0         800002b0        0     1                 
        800002b0         800002b0        0     1                 
        800002b0         800002b0       30     1                 timerinit
        800002c2         800002c2        0     1                 
        800002c2         800002c2        0     1                 
        800002c6         800002c6        0     1                 
        800002ca         800002ca        0     1                 
        800002ca         800002ca        0     1                 
        800002cc         800002cc        0     1                 
        800002ce         800002ce        0     1                 
        800002ce         800002ce        0     1                 
        800002d2         800002d2        0     1                 
        800002d2         800002d2        0     1                 
        800002da         800002da        0     1                 
        800002dc         800002dc        0     1                 
        800002de         800002de        0     1                 
        800002e0         800002e0        0     1                 
        800002e0         800002e0        0     1                 
        800002e0         800002e0        0     1                 
        800002e0         800002e0        0     1                 
        800002e0         800002e0        0     1                 
        800002e0         800002e0       46     1                 interruptinit
        800002e4         800002e4        0     1                 
        800002fa         800002fa        0     1                 
        800002fe         800002fe        0     1                 
        80000306         80000306        0     1                 
        8000030c         8000030c        0     1                 
        80000310         80000310        0     1                 
        80000314         80000314        0     1                 
        80000314         80000314        0     1                 
        80000318         80000318        0     1                 
        80000318         80000318        0     1                 
        8000031e         8000031e        0     1                 
        8000031e         8000031e        0     1                 
        80000320         80000320        0     1                 
        80000320         80000320        0     1                 
        80000324         80000324        0     1                 
        80000324         80000324        0     1                 
        80000326         80000326        0     1                 
        80000326         80000326        0     1                 
        80000328         80000328      184     4         kprintf.o:(.text)
        80000328         80000328        0     1                 
        80000328         80000328        0     1                 
        80000328         80000328        0     1                 .LBB0_3
        80000328         80000328        0     1                 
        80000328         80000328       1a     1                 putachar
        80000332         80000332        0     1                 
        80000336         80000336        0     1                 
        8000033a         8000033a        0     1                 
        8000033c         8000033c        0     1                 
        80000340         80000340        0     1                 
        80000342         80000342        0     1                 
        80000342         80000342        0     1                 
        80000342         80000342        0     1                 
        80000342         80000342        0     1                 
        80000342         80000342        0     1                 
        80000342         80000342        0     1                 
        80000342         80000342       2a     1                 printstring
        80000346         80000346        0     1                 
        80000348         80000348        0     1                 
        80000348         80000348        0     1                 .LBB1_6
        80000348         80000348        0     1                 
        80000350         80000350        0     1                 
        80000352         80000352        0     1                 
        80000352         80000352        0     1                 
        80000356         80000356        0     1                 
        8000035a         8000035a        0     1                 
        8000035c         8000035c        0     1                 
        80000360         80000360        0     1                 
        80000360         80000360        0     1                 
        80000364         80000364        0     1                 
        80000368         80000368        0     1                 
        80000368         80000368        0     1                 
        8000036a         8000036a        0     1                 
        8000036c         8000036c        0     1                 
        8000036c         8000036c        0     1                 
        8000036c         8000036c        0     1                 
        8000036c         8000036c        0     1                 
        8000036c         8000036c        0     1                 .LBB2_7
        8000036c         8000036c        0     1                 
        8000036c         8000036c       40     1                 printhex
        80000378         80000378        0     1                 
        8000037c         8000037c        0     1                 
        8000037c         8000037c        0     1                 
        80000380         80000380        0     1                 
        80000380         80000380        0     1                 
        80000384         80000384        0     1                 
        80000384         80000384        0     1                 
        80000386         80000386        0     1                 
        80000386         80000386        0     1                 
        80000388         80000388        0     1                 
        8000038c         8000038c        0     1                 
        8000038c         8000038c        0     1                 
        80000390         80000390        0     1                 
        80000392         80000392        0     1                 
        80000392         80000392        0     1                 
        80000396         80000396        0     1                 
        80000396         80000396        0     1                 
        8000039a         8000039a        0     1                 
        8000039e         8000039e        0     1                 
        800003a0         800003a0        0     1                 
        800003a0         800003a0        0     1                 
        800003a4         800003a4        0     1                 
        800003a4         800003a4        0     1                 
        800003aa         800003aa        0     1                 
        800003aa         800003aa        0     1                 
        800003ac         800003ac        0     1                 
        800003ac         800003ac        0     1                 
        800003ac         800003ac        0     1                 
        800003ac         800003ac        0     1                 
        800003ac         800003ac        0     1                 .LBB3_3
        800003ac         800003ac        0     1                 
        800003ac         800003ac       18     1                 getachar
        800003b6         800003b6        0     1                 
        800003ba         800003ba        0     1                 
        800003bc         800003bc        0     1                 
        800003be         800003be        0     1                 
        800003c2         800003c2        0     1                 
        800003c4         800003c4        0     1                 
        800003c4         800003c4        0     1                 
        800003c4         800003c4        0     1                 
        800003c4         800003c4        0     1                 
        800003c4         800003c4        0     1                 .LBB4_20
        800003c4         800003c4        0     1                 
        800003c4         800003c4       c2     1                 panic
        800003ce         800003ce        0     1                 
        800003ce         800003ce        0     1                 
        800003d2         800003d2        0     1                 
        800003d6         800003d6        0     1                 
        800003d8         800003d8        0     1                 
        800003dc         800003dc        0     1                 
        800003e0         800003e0        0     1                 
        800003e0         800003e0        0     1                 
        800003e2         800003e2        0     1                 
        800003e6         800003e6        0     1                 
        800003ea         800003ea        0     1                 
        800003ec         800003ec        0     1                 
        800003f0         800003f0        0     1                 
        800003f4         800003f4        0     1                 
        800003f4         800003f4        0     1                 
        800003f6         800003f6        0     1                 
        800003fa         800003fa        0     1                 
        800003fe         800003fe        0     1                 
        80000400         80000400        0     1                 
        80000404         80000404        0     1                 
        80000408         80000408        0     1                 
        80000408         80000408        0     1                 
        8000040a         8000040a        0     1                 
        8000040e         8000040e        0     1                 
        80000412         80000412        0     1                 
        80000414         80000414        0     1                 
        80000418         80000418        0     1                 
        8000041c         8000041c        0     1                 
        8000041c         8000041c        0     1                 
        8000041e         8000041e        0     1                 
        80000422         80000422        0     1                 
        80000426         80000426        0     1                 
        80000428         80000428        0     1                 
        8000042c         8000042c        0     1                 
        80000430         80000430        0     1                 
        80000430         80000430        0     1                 
        80000432         80000432        0     1                 
        80000436         80000436        0     1                 
        8000043a         8000043a        0     1                 
        8000043c         8000043c        0     1                 
        80000440         80000440        0     1                 
        80000444         80000444        0     1                 
        80000444         80000444        0     1                 
        80000446         80000446        0     1                 
        8000044a         8000044a        0     1                 
        8000044e         8000044e        0     1                 
        80000450         80000450        0     1                 
        80000454         80000454        0     1                 
        80000458         80000458        0     1                 
        80000458         80000458        0     1                 
        8000045c         8000045c        0     1                 
        8000045e         8000045e        0     1                 
        8000045e         8000045e        0     1                 
        80000460         80000460        0     1                 
        80000460         80000460        0     1                 
        80000464         80000464        0     1                 
        80000468         80000468        0     1                 
        8000046a         8000046a        0     1                 
        8000046e         8000046e        0     1                 
        8000046e         8000046e        0     1                 
        80000472         80000472        0     1                 
        80000476         80000476        0     1                 
        80000478         80000478        0     1                 
        80000478         80000478        0     1                 .LBB4_21
        80000478         80000478        0     1                 
        80000484         80000484        0     1                 
        80000486         80000486        0     1                 
        80000486         80000486        0     1                 
        80000486         80000486        0     1                 
        80000486         80000486        0     1                 
        80000486         80000486        0     1                 .LBB5_6
        80000486         80000486        0     1                 
        80000486         80000486       26     1                 uartintr
        80000490         80000490        0     1                 
        80000490         80000490        0     1                 
        80000494         80000494        0     1                 
        80000496         80000496        0     1                 
        80000498         80000498        0     1                 
        8000049c         8000049c        0     1                 
        8000049c         8000049c        0     1                 
        800004a0         800004a0        0     1                 
        800004a4         800004a4        0     1                 
        800004a6         800004a6        0     1                 
        800004ac         800004ac        0     1                 
        800004ac         800004ac        0     1                 
        800004ac         800004ac        0     1                 
        80010000         80010000       5e 65536         kernelvec.o:(.text)
        80010000         80010000        0     1                 
        80010000         80010000        0     1                 
        80010000         80010000       5e     1                 kernelvec
        80010028         80010028        0     1                 
        8001005e         8001005e        0     1                 
        80010060         80010060       74     4         plic.o:(.text)
        80010060         80010060        0     1                 
        80010060         80010060        0     1                 
        80010060         80010060        0     1                 
        80010060         80010060       38     1                 plic_init
        80010064         80010064        0     1                 
        8001007a         8001007a        0     1                 
        80010082         80010082        0     1                 
        8001008a         8001008a        0     1                 
        80010090         80010090        0     1                 
        80010094         80010094        0     1                 
        80010096         80010096        0     1                 
        80010098         80010098        0     1                 
        80010098         80010098        0     1                 
        80010098         80010098        0     1                 
        80010098         80010098        0     1                 
        80010098         80010098        0     1                 
        80010098         80010098       1e     1                 plic_claim
        8001009c         8001009c        0     1                 
        800100b2         800100b2        0     1                 
        800100b4         800100b4        0     1                 
        800100b6         800100b6        0     1                 
        800100b6         800100b6        0     1                 
        800100b6         800100b6        0     1                 
        800100b6         800100b6        0     1                 
        800100b6         800100b6        0     1                 
        800100b6         800100b6       1e     1                 plic_complete
        800100ba         800100ba        0     1                 
        800100d0         800100d0        0     1                 
        800100d2         800100d2        0     1                 
        800100d4         800100d4        0     1                 
        800100d4         800100d4        0     1                 
        800100d4         800100d4      144     4         trap.o:(.text)
        800100d4         800100d4        0     1                 
        800100d4         800100d4        0     1                 
        800100d4         800100d4        0     1                 .LBB0_1
        800100d4         800100d4        0     1                 
        800100d4         800100d4        0     1                 
        800100d4         800100d4       16     1                 trapinit
        800100e4         800100e4        0     1                 
        800100e4         800100e4        0     1                 
        800100e8         800100e8        0     1                 
        800100e8         800100e8        0     1                 
        800100ea         800100ea        0     1                 
        800100ea         800100ea        0     1                 
        800100ea         800100ea        0     1                 
        800100ea         800100ea        0     1                 
        800100ea         800100ea        0     1                 
        800100ea         800100ea       d0     1                 trap_handler
        800100ec         800100ec        0     1                 
        800100ec         800100ec        0     1                 
        800100f6         800100f6        0     1                 
        800100f6         800100f6        0     1                 
        800100f6         800100f6        0     1                 
        800100fa         800100fa        0     1                 
        800100fa         800100fa        0     1                 
        800100fe         800100fe        0     1                 
        800100fe         800100fe        0     1                 
        80010102         80010102        0     1                 
        80010102         80010102        0     1                 
        80010106         80010106        0     1                 
        80010106         80010106        0     1                 
        80010108         80010108        0     1                 
        80010108         80010108        0     1                 .LBB1_15
        80010108         80010108        0     1                 
        80010118         80010118        0     1                 
        80010118         80010118        0     1                 
        8001011c         8001011c        0     1                 
        8001011c         8001011c        0     1                 
        8001011e         8001011e        0     1                 
        80010120         80010120        0     1                 
        80010120         80010120        0     1                 .LBB1_16
        80010120         80010120        0     1                 
        80010130         80010130        0     1                 
        80010130         80010130        0     1                 
        80010134         80010134        0     1                 
        80010134         80010134        0     1                 
        8001013a         8001013a        0     1                 
        8001013a         8001013a        0     1                 
        8001013e         8001013e        0     1                 
        8001013e         8001013e        0     1                 
        80010146         80010146        0     1                 
        80010146         80010146        0     1                 
        80010148         80010148        0     1                 
        8001014c         8001014c        0     1                 
        80010150         80010150        0     1                 
        8001015a         8001015a        0     1                 
        8001015a         8001015a        0     1                 .LBB1_17
        8001015a         8001015a        0     1                 
        8001016a         8001016a        0     1                 
        8001016a         8001016a        0     1                 
        80010174         80010174        0     1                 
        80010174         80010174        0     1                 .LBB1_18
        80010174         80010174        0     1                 
        80010184         80010184        0     1                 .LBB1_19
        80010184         80010184        0     1                 
        80010194         80010194        0     1                 
        80010194         80010194        0     1                 
        80010196         80010196        0     1                 
        8001019a         8001019a        0     1                 
        8001019e         8001019e        0     1                 
        8001019e         8001019e        0     1                 
        800101a4         800101a4        0     1                 
        800101a4         800101a4        0     1                 
        800101a8         800101a8        0     1                 
        800101a8         800101a8        0     1                 
        800101ac         800101ac        0     1                 
        800101ac         800101ac        0     1                 
        800101b2         800101b2        0     1                 
        800101b4         800101b4        0     1                 
        800101b6         800101b6        0     1                 
        800101ba         800101ba        0     1                 
        800101ba         800101ba        0     1                 
        800101ba         800101ba        0     1                 
        800101ba         800101ba        0     1                 
        800101ba         800101ba        0     1                 
        800101ba         800101ba       5e     1                 devintr
        800101bc         800101bc        0     1                 
        800101bc         800101bc        0     1                 
        800101bc         800101bc        0     1                 
        800101c2         800101c2        0     1                 
        800101c6         800101c6        0     1                 
        800101c6         800101c6        0     1                 
        800101cc         800101cc        0     1                 
        800101cc         800101cc        0     1                 
        800101d0         800101d0        0     1                 
        800101d0         800101d0        0     1                 
        800101d8         800101d8        0     1                 
        800101d8         800101d8        0     1                 
        800101da         800101da        0     1                 
        800101dc         800101dc        0     1                 
        800101e0         800101e0        0     1                 
        800101e4         800101e4        0     1                 
        800101ee         800101ee        0     1                 
        800101ee         800101ee        0     1                 
        800101f2         800101f2        0     1                 
        800101f2         800101f2        0     1                 .LBB2_8
        800101f2         800101f2        0     1                 
        80010202         80010202        0     1                 
        8001020c         8001020c        0     1                 
        8001020c         8001020c        0     1                 
        80010218         80010218        0     1                 
        80010218         80010218        0     1                 
        80010218         80010218       38     4         main.o:(.text)
        80010218         80010218        0     1                 
        80010218         80010218        0     1                 
        80010218         80010218        0     1                 
        80010218         80010218       38     1                 main
        8001021a         8001021a        0     1                 
        8001021a         8001021a        0     1                 
        8001021c         8001021c        0     1                 
        8001021c         8001021c        0     1                 .LBB0_1
        8001022c         8001022c        0     1                 
        80010234         80010234        0     1                 
        80010238         80010238        0     1                 .LBB0_2
        80010238         80010238        0     1                 
        80010248         80010248        0     1                 
        80010250         80010250        0     1                 
        80010250         80010250        0     1                 
        80010250         80010250      db0     1         . = ALIGN ( 0x1000 )
        80011000         80011000       a4     4 .eh_frame_hdr
        80011000         80011000       a4     4         <internal>:(.eh_frame_hdr)
        800110a8         800110a8      1fc     8 .eh_frame
        800110a8         800110a8       14     1         kernel.o:(.eh_frame+0x0)
        800110c0         800110c0       14     1         kernel.o:(.eh_frame+0x14)
        800110d8         800110d8       14     1         kernel.o:(.eh_frame+0x28)
        800110f0         800110f0       14     1         kernel.o:(.eh_frame+0x3c)
        80011108         80011108       14     1         kernel.o:(.eh_frame+0x50)
        80011120         80011120       14     1         kernel.o:(.eh_frame+0x64)
        80011138         80011138       18     1         kernel.o:(.eh_frame+0x78)
        80011150         80011150       14     1         kprintf.o:(.eh_frame+0x14)
        80011168         80011168       14     1         kprintf.o:(.eh_frame+0x28)
        80011180         80011180       14     1         kprintf.o:(.eh_frame+0x3c)
        80011198         80011198       14     1         kprintf.o:(.eh_frame+0x50)
        800111b0         800111b0       14     1         kprintf.o:(.eh_frame+0x64)
        800111c8         800111c8       18     1         kprintf.o:(.eh_frame+0x78)
        800111e0         800111e0       14     1         plic.o:(.eh_frame+0x14)
        800111f8         800111f8       14     1         plic.o:(.eh_frame+0x28)
        80011210         80011210       14     1         plic.o:(.eh_frame+0x3c)
        80011228         80011228       14     1         trap.o:(.eh_frame+0x14)
        80011240         80011240       40     1         trap.o:(.eh_frame+0x28)
        80011280         80011280       1c     1         main.o:(.eh_frame+0x14)
        800112a4         800112a4       fe     1 .rodata
        800112a4         800112a4       1c     1         . = ALIGN ( CAP_ALIGN )
        800112c0         800112c0       e2     1         <internal>:(.rodata)
        800113a2         800113a2       1e     1 . = ALIGN ( CAP_ALIGN )
        800113c0         800113c0      208     8 __cap_relocs
        800113c0         800113c0      208     8         <internal>:(__cap_relocs)
        800115d0         800115d0       e0    16 .captable
        800115d0         800115d0       10     1         . = ALIGN ( CAP_ALIGN )
        800115e0         800115e0       d0    16         <internal>:(.captable)
        800116b0         800116b0       10     1 .data
        800116b0         800116b0       10     1         . = ALIGN ( CAP_ALIGN )
        800116c0         800116c0       24    16 .bss
        800116c0         800116c0        0     1         __bss = .
        800116c0         800116c0       20    16         kernel.o:(.bss)
        800116c0         800116c0       10     1                 uart0
        800116d0         800116d0       10     1                 plic
        800116e0         800116e0        4     4         kprintf.o:(.sbss)
        800116e0         800116e0        4     1                 panicked
        800116e4         800116e4        0     1         __bss_end = .
        800116e4         800116e4    2001c     1 .stack
        800116e4         800116e4       1c     1         . = ALIGN ( CAP_ALIGN )
        80011700         80011700        0     1         stack0 = .
        80011700         80011700    20000     1         . += 128 * 1024
               0                0     1552     1 .debug_info
               0                0       f1     1         entry.o:(.debug_info)
               0                0        0     1                 
              f1               f1      b52     1         kernel.o:(.debug_info)
             c43              c43      2e6     1         kprintf.o:(.debug_info)
             f29              f29       cd     1         kernelvec.o:(.debug_info)
             f29              f29        0     1                 
             ff6              ff6       c8     1         plic.o:(.debug_info)
            10be             10be      3f7     1         trap.o:(.debug_info)
            14b5             14b5       9d     1         main.o:(.debug_info)
               0                0      622     1 .debug_abbrev
               0                0       21     1         entry.o:(.debug_abbrev)
               0                0        0     1                 
              21               21      22d     1         kernel.o:(.debug_abbrev)
             24e              24e      161     1         kprintf.o:(.debug_abbrev)
             3af              3af       21     1         kernelvec.o:(.debug_abbrev)
             3af              3af        0     1                 
             3d0              3d0       92     1         plic.o:(.debug_abbrev)
             462              462      162     1         trap.o:(.debug_abbrev)
             5c4              5c4       5e     1         main.o:(.debug_abbrev)
               0                0       60     1 .debug_aranges
               0                0       30     1         entry.o:(.debug_aranges)
              30               30       30     1         kernelvec.o:(.debug_aranges)
               0                0      f04     1 .debug_line
               0                0       53     1         entry.o:(.debug_line)
               0                0        0     1                 .Lline_table_start0
              53               53      609     1         kernel.o:(.debug_line)
              53               53        0     1                 .Lline_table_start0
             65c              65c      40f     1         kprintf.o:(.debug_line)
             65c              65c        0     1                 .Lline_table_start0
             a6b              a6b       66     1         kernelvec.o:(.debug_line)
             a6b              a6b        0     1                 .Lline_table_start0
             ad1              ad1      15d     1         plic.o:(.debug_line)
             ad1              ad1        0     1                 .Lline_table_start0
             c2e              c2e      27c     1         trap.o:(.debug_line)
             c2e              c2e        0     1                 .Lline_table_start0
             eaa              eaa       5a     1         main.o:(.debug_line)
             eaa              eaa        0     1                 .Lline_table_start0
               0                0      920     1 .debug_loc
               0                0      496     1         kernel.o:(.debug_loc)
               0                0        0     1                 
              23               23        0     1                 
              46               46        0     1                 
              69               69        0     1                 
              8c               8c        0     1                 
              af               af        0     1                 
              d2               d2        0     1                 
              f5               f5        0     1                 
             118              118        0     1                 
             13b              13b        0     1                 
             15e              15e        0     1                 
             181              181        0     1                 
             1a4              1a4        0     1                 
             1c7              1c7        0     1                 
             1ea              1ea        0     1                 
             20d              20d        0     1                 
             230              230        0     1                 
             253              253        0     1                 
             276              276        0     1                 
             2ac              2ac        0     1                 
             2cf              2cf        0     1                 
             2f2              2f2        0     1                 
             315              315        0     1                 
             338              338        0     1                 
             35b              35b        0     1                 
             37e              37e        0     1                 
             3a1              3a1        0     1                 
             3c4              3c4        0     1                 
             3e7              3e7        0     1                 
             40a              40a        0     1                 
             42d              42d        0     1                 
             450              450        0     1                 
             473              473        0     1                 
             496              496      22a     1         kprintf.o:(.debug_loc)
             496              496        0     1                 
             4df              4df        0     1                 
             54f              54f        0     1                 
             585              585        0     1                 
             5a8              5a8        0     1                 
             5de              5de        0     1                 
             601              601        0     1                 
             69d              69d        0     1                 
             6c0              6c0      260     1         trap.o:(.debug_loc)
             6c0              6c0        0     1                 
             734              734        0     1                 
             7a3              7a3        0     1                 
             812              812        0     1                 
             881              881        0     1                 
             8a4              8a4        0     1                 
             8c7              8c7        0     1                 
             8fd              8fd        0     1                 
               0                0       d0     1 .debug_ranges
               0                0       70     1         kernel.o:(.debug_ranges)
               0                0        0     1                 
              30               30        0     1                 
              70               70       60     1         kprintf.o:(.debug_ranges)
              70               70        0     1                 
              a0               a0        0     1                 
               0                0      566     1 .debug_str
               0                0      566     1         <internal>:(.debug_str)
               0                0       84     1 .comment
               0                0       84     1         <internal>:(.comment)
               0                0       3f     1 .riscv.attributes
               0                0       3f     1         kernel.o:(.riscv.attributes)
               0                0     4c20     8 .symtab
               0                0     4c20     8         <internal>:(.symtab)
               0                0       de     1 .shstrtab
               0                0       de     1         <internal>:(.shstrtab)
               0                0      16c     1 .strtab
               0                0      16c     1         <internal>:(.strtab)
